Analysis & Synthesis report for lcd_controller
Sat Aug 16 12:37:35 2025
Quartus Prime Version 24.1std.0 Build 1077 03/04/2025 SC Lite Edition


---------------------
; Table of Contents ;
---------------------
  1. Legal Notice
  2. Analysis & Synthesis Summary
  3. Analysis & Synthesis Settings
  4. Parallel Compilation
  5. Analysis & Synthesis Source Files Read
  6. Analysis & Synthesis Resource Usage Summary
  7. Analysis & Synthesis Resource Utilization by Entity
  8. State Machine - |Block1|buzzer_sweet:inst7|controlador_sweet:u_ctrl|estado_atual
  9. State Machine - |Block1|lcd_junkbox_ctrl:inst8|state
 10. State Machine - |Block1|lcd_controller:inst2|estado
 11. Registers Removed During Synthesis
 12. Removed Registers Triggering Further Register Optimizations
 13. General Register Statistics
 14. Inverted Register Statistics
 15. Multiplexer Restructuring Statistics (Restructuring Performed)
 16. Parameter Settings for User Entity Instance: lcd_controller:inst2
 17. Parameter Settings for User Entity Instance: lcd_junkbox_ctrl:inst8
 18. Parameter Settings for User Entity Instance: debounce:inst3
 19. Port Connectivity Checks: "buzzer_sweet:inst7|controlador_sweet:u_ctrl"
 20. Post-Synthesis Netlist Statistics for Top Partition
 21. Elapsed Time Per Partition
 22. Analysis & Synthesis Messages



----------------
; Legal Notice ;
----------------
Copyright (C) 2025  Altera Corporation. All rights reserved.
Your use of Altera Corporation's design tools, logic functions 
and other software and tools, and any partner logic 
functions, and any output files from any of the foregoing 
(including device programming or simulation files), and any 
associated documentation or information are expressly subject 
to the terms and conditions of the Altera Program License 
Subscription Agreement, the Altera Quartus Prime License Agreement,
the Altera IP License Agreement, or other applicable license
agreement, including, without limitation, that your use is for
the sole purpose of programming logic devices manufactured by
Altera and sold by Altera or its authorized distributors.  Please
refer to the Altera Software License Subscription Agreements 
on the Quartus Prime software download page.



+--------------------------------------------------------------------------------------+
; Analysis & Synthesis Summary                                                         ;
+------------------------------------+-------------------------------------------------+
; Analysis & Synthesis Status        ; Successful - Sat Aug 16 12:37:35 2025           ;
; Quartus Prime Version              ; 24.1std.0 Build 1077 03/04/2025 SC Lite Edition ;
; Revision Name                      ; lcd_controller                                  ;
; Top-level Entity Name              ; Block1                                          ;
; Family                             ; Cyclone IV E                                    ;
; Total logic elements               ; 660                                             ;
;     Total combinational functions  ; 643                                             ;
;     Dedicated logic registers      ; 321                                             ;
; Total registers                    ; 321                                             ;
; Total pins                         ; 17                                              ;
; Total virtual pins                 ; 0                                               ;
; Total memory bits                  ; 0                                               ;
; Embedded Multiplier 9-bit elements ; 0                                               ;
; Total PLLs                         ; 0                                               ;
+------------------------------------+-------------------------------------------------+


+------------------------------------------------------------------------------------------------------------+
; Analysis & Synthesis Settings                                                                              ;
+------------------------------------------------------------------+--------------------+--------------------+
; Option                                                           ; Setting            ; Default Value      ;
+------------------------------------------------------------------+--------------------+--------------------+
; Device                                                           ; EP4CE6E22C8        ;                    ;
; Top-level entity name                                            ; Block1             ; lcd_controller     ;
; Family name                                                      ; Cyclone IV E       ; Cyclone V          ;
; Use smart compilation                                            ; On                 ; Off                ;
; Maximum processors allowed for parallel compilation              ; All                ;                    ;
; Enable parallel Assembler and Timing Analyzer during compilation ; On                 ; On                 ;
; Enable compact report table                                      ; Off                ; Off                ;
; Restructure Multiplexers                                         ; Auto               ; Auto               ;
; Create Debugging Nodes for IP Cores                              ; Off                ; Off                ;
; Preserve fewer node names                                        ; On                 ; On                 ;
; Intel FPGA IP Evaluation Mode                                    ; Enable             ; Enable             ;
; Verilog Version                                                  ; Verilog_2001       ; Verilog_2001       ;
; VHDL Version                                                     ; VHDL_1993          ; VHDL_1993          ;
; State Machine Processing                                         ; Auto               ; Auto               ;
; Safe State Machine                                               ; Off                ; Off                ;
; Extract Verilog State Machines                                   ; On                 ; On                 ;
; Extract VHDL State Machines                                      ; On                 ; On                 ;
; Ignore Verilog initial constructs                                ; Off                ; Off                ;
; Iteration limit for constant Verilog loops                       ; 5000               ; 5000               ;
; Iteration limit for non-constant Verilog loops                   ; 250                ; 250                ;
; Add Pass-Through Logic to Inferred RAMs                          ; On                 ; On                 ;
; Infer RAMs from Raw Logic                                        ; On                 ; On                 ;
; Parallel Synthesis                                               ; On                 ; On                 ;
; DSP Block Balancing                                              ; Auto               ; Auto               ;
; NOT Gate Push-Back                                               ; On                 ; On                 ;
; Power-Up Don't Care                                              ; On                 ; On                 ;
; Remove Redundant Logic Cells                                     ; Off                ; Off                ;
; Remove Duplicate Registers                                       ; On                 ; On                 ;
; Ignore CARRY Buffers                                             ; Off                ; Off                ;
; Ignore CASCADE Buffers                                           ; Off                ; Off                ;
; Ignore GLOBAL Buffers                                            ; Off                ; Off                ;
; Ignore ROW GLOBAL Buffers                                        ; Off                ; Off                ;
; Ignore LCELL Buffers                                             ; Off                ; Off                ;
; Ignore SOFT Buffers                                              ; On                 ; On                 ;
; Limit AHDL Integers to 32 Bits                                   ; Off                ; Off                ;
; Optimization Technique                                           ; Balanced           ; Balanced           ;
; Carry Chain Length                                               ; 70                 ; 70                 ;
; Auto Carry Chains                                                ; On                 ; On                 ;
; Auto Open-Drain Pins                                             ; On                 ; On                 ;
; Perform WYSIWYG Primitive Resynthesis                            ; Off                ; Off                ;
; Auto ROM Replacement                                             ; On                 ; On                 ;
; Auto RAM Replacement                                             ; On                 ; On                 ;
; Auto DSP Block Replacement                                       ; On                 ; On                 ;
; Auto Shift Register Replacement                                  ; Auto               ; Auto               ;
; Allow Shift Register Merging across Hierarchies                  ; Auto               ; Auto               ;
; Auto Clock Enable Replacement                                    ; On                 ; On                 ;
; Strict RAM Replacement                                           ; Off                ; Off                ;
; Allow Synchronous Control Signals                                ; On                 ; On                 ;
; Force Use of Synchronous Clear Signals                           ; Off                ; Off                ;
; Auto RAM Block Balancing                                         ; On                 ; On                 ;
; Auto RAM to Logic Cell Conversion                                ; Off                ; Off                ;
; Auto Resource Sharing                                            ; Off                ; Off                ;
; Allow Any RAM Size For Recognition                               ; Off                ; Off                ;
; Allow Any ROM Size For Recognition                               ; Off                ; Off                ;
; Allow Any Shift Register Size For Recognition                    ; Off                ; Off                ;
; Use LogicLock Constraints during Resource Balancing              ; On                 ; On                 ;
; Ignore translate_off and synthesis_off directives                ; Off                ; Off                ;
; Timing-Driven Synthesis                                          ; On                 ; On                 ;
; Report Parameter Settings                                        ; On                 ; On                 ;
; Report Source Assignments                                        ; On                 ; On                 ;
; Report Connectivity Checks                                       ; On                 ; On                 ;
; Ignore Maximum Fan-Out Assignments                               ; Off                ; Off                ;
; Synchronization Register Chain Length                            ; 2                  ; 2                  ;
; Power Optimization During Synthesis                              ; Normal compilation ; Normal compilation ;
; HDL message level                                                ; Level2             ; Level2             ;
; Suppress Register Optimization Related Messages                  ; Off                ; Off                ;
; Number of Removed Registers Reported in Synthesis Report         ; 5000               ; 5000               ;
; Number of Swept Nodes Reported in Synthesis Report               ; 5000               ; 5000               ;
; Number of Inverted Registers Reported in Synthesis Report        ; 100                ; 100                ;
; Clock MUX Protection                                             ; On                 ; On                 ;
; Auto Gated Clock Conversion                                      ; Off                ; Off                ;
; Block Design Naming                                              ; Auto               ; Auto               ;
; SDC constraint protection                                        ; Off                ; Off                ;
; Synthesis Effort                                                 ; Auto               ; Auto               ;
; Shift Register Replacement - Allow Asynchronous Clear Signal     ; On                 ; On                 ;
; Pre-Mapping Resynthesis Optimization                             ; Off                ; Off                ;
; Analysis & Synthesis Message Level                               ; Medium             ; Medium             ;
; Disable Register Merging Across Hierarchies                      ; Auto               ; Auto               ;
; Resource Aware Inference For Block RAM                           ; On                 ; On                 ;
+------------------------------------------------------------------+--------------------+--------------------+


+------------------------------------------+
; Parallel Compilation                     ;
+----------------------------+-------------+
; Processors                 ; Number      ;
+----------------------------+-------------+
; Number detected on machine ; 12          ;
; Maximum allowed            ; 10          ;
;                            ;             ;
; Average used               ; 1.00        ;
; Maximum used               ; 10          ;
;                            ;             ;
; Usage by Processor         ; % Time Used ;
;     Processor 1            ; 100.0%      ;
;     Processor 2            ;   0.1%      ;
;     Processor 3            ;   0.1%      ;
;     Processor 4            ;   0.1%      ;
;     Processor 5            ;   0.1%      ;
;     Processor 6            ;   0.1%      ;
;     Processor 7            ;   0.1%      ;
;     Processors 8-10        ;   0.1%      ;
+----------------------------+-------------+


+----------------------------------------------------------------------------------------------------------------------------------------------------------------------------------------------------------------------------------------------------------------------------------------+
; Analysis & Synthesis Source Files Read                                                                                                                                                                                                                                                 ;
+---------------------------------------------------------+-----------------+------------------------------------+-------------------------------------------------------------------------------------------------------------------------------------------------------------+---------+
; File Name with User-Entered Path                        ; Used in Netlist ; File Type                          ; File Name with Absolute Path                                                                                                                                ; Library ;
+---------------------------------------------------------+-----------------+------------------------------------+-------------------------------------------------------------------------------------------------------------------------------------------------------------+---------+
; controlador_sweet.vhd                                   ; yes             ; User VHDL File                     ; C:/Users/romariojveloso/Documents/PESSOAL/UFPE/ELETRONICA DIGITAL/Eletronica_digital/lcd_controller/controlador_sweet.vhd                                   ;         ;
; buzzer_controlavel/buzzer_controlavel/temporizador.vhd  ; yes             ; User VHDL File                     ; C:/Users/romariojveloso/Documents/PESSOAL/UFPE/ELETRONICA DIGITAL/Eletronica_digital/lcd_controller/buzzer_controlavel/buzzer_controlavel/temporizador.vhd  ;         ;
; buzzer_controlavel/buzzer_controlavel/divisor_clock.vhd ; yes             ; User VHDL File                     ; C:/Users/romariojveloso/Documents/PESSOAL/UFPE/ELETRONICA DIGITAL/Eletronica_digital/lcd_controller/buzzer_controlavel/buzzer_controlavel/divisor_clock.vhd ;         ;
; lcd_vhdl_package.vhd                                    ; yes             ; User VHDL File                     ; C:/Users/romariojveloso/Documents/PESSOAL/UFPE/ELETRONICA DIGITAL/Eletronica_digital/lcd_controller/lcd_vhdl_package.vhd                                    ;         ;
; lcd_controller.vhd                                      ; yes             ; User VHDL File                     ; C:/Users/romariojveloso/Documents/PESSOAL/UFPE/ELETRONICA DIGITAL/Eletronica_digital/lcd_controller/lcd_controller.vhd                                      ;         ;
; Block1.bdf                                              ; yes             ; User Block Diagram/Schematic File  ; C:/Users/romariojveloso/Documents/PESSOAL/UFPE/ELETRONICA DIGITAL/Eletronica_digital/lcd_controller/Block1.bdf                                              ;         ;
; debounce.vhd                                            ; yes             ; User VHDL File                     ; C:/Users/romariojveloso/Documents/PESSOAL/UFPE/ELETRONICA DIGITAL/Eletronica_digital/lcd_controller/debounce.vhd                                            ;         ;
; buzzer_sweet.vhd                                        ; yes             ; User VHDL File                     ; C:/Users/romariojveloso/Documents/PESSOAL/UFPE/ELETRONICA DIGITAL/Eletronica_digital/lcd_controller/buzzer_sweet.vhd                                        ;         ;
; lcd_junkbox_ctrl.vhd                                    ; yes             ; User VHDL File                     ; C:/Users/romariojveloso/Documents/PESSOAL/UFPE/ELETRONICA DIGITAL/Eletronica_digital/lcd_controller/lcd_junkbox_ctrl.vhd                                    ;         ;
+---------------------------------------------------------+-----------------+------------------------------------+-------------------------------------------------------------------------------------------------------------------------------------------------------------+---------+


+-----------------------------------------------------------+
; Analysis & Synthesis Resource Usage Summary               ;
+---------------------------------------------+-------------+
; Resource                                    ; Usage       ;
+---------------------------------------------+-------------+
; Estimated Total logic elements              ; 660         ;
;                                             ;             ;
; Total combinational functions               ; 643         ;
; Logic element usage by number of LUT inputs ;             ;
;     -- 4 input functions                    ; 257         ;
;     -- 3 input functions                    ; 86          ;
;     -- <=2 input functions                  ; 300         ;
;                                             ;             ;
; Logic elements by mode                      ;             ;
;     -- normal mode                          ; 452         ;
;     -- arithmetic mode                      ; 191         ;
;                                             ;             ;
; Total registers                             ; 321         ;
;     -- Dedicated logic registers            ; 321         ;
;     -- I/O registers                        ; 0           ;
;                                             ;             ;
; I/O pins                                    ; 17          ;
;                                             ;             ;
; Embedded Multiplier 9-bit elements          ; 0           ;
;                                             ;             ;
; Maximum fan-out node                        ; clock~input ;
; Maximum fan-out                             ; 321         ;
; Total fan-out                               ; 2801        ;
; Average fan-out                             ; 2.81        ;
+---------------------------------------------+-------------+


+------------------------------------------------------------------------------------------------------------------------------------------------------------------------------------------------------------------------------------------------------+
; Analysis & Synthesis Resource Utilization by Entity                                                                                                                                                                                                  ;
+----------------------------------+---------------------+---------------------------+-------------+--------------+---------+-----------+------+--------------+-----------------------------------------------------+-------------------+--------------+
; Compilation Hierarchy Node       ; Combinational ALUTs ; Dedicated Logic Registers ; Memory Bits ; DSP Elements ; DSP 9x9 ; DSP 18x18 ; Pins ; Virtual Pins ; Full Hierarchy Name                                 ; Entity Name       ; Library Name ;
+----------------------------------+---------------------+---------------------------+-------------+--------------+---------+-----------+------+--------------+-----------------------------------------------------+-------------------+--------------+
; |Block1                          ; 643 (1)             ; 321 (0)                   ; 0           ; 0            ; 0       ; 0         ; 17   ; 0            ; |Block1                                             ; Block1            ; work         ;
;    |buzzer_sweet:inst7|          ; 174 (10)            ; 128 (12)                  ; 0           ; 0            ; 0       ; 0         ; 0    ; 0            ; |Block1|buzzer_sweet:inst7                          ; buzzer_sweet      ; work         ;
;       |controlador_sweet:u_ctrl| ; 65 (65)             ; 51 (51)                   ; 0           ; 0            ; 0       ; 0         ; 0    ; 0            ; |Block1|buzzer_sweet:inst7|controlador_sweet:u_ctrl ; controlador_sweet ; work         ;
;       |divisor_clock:u_div|      ; 56 (56)             ; 33 (33)                   ; 0           ; 0            ; 0       ; 0         ; 0    ; 0            ; |Block1|buzzer_sweet:inst7|divisor_clock:u_div      ; divisor_clock     ; work         ;
;       |temporizador:u_tmp|       ; 43 (43)             ; 32 (32)                   ; 0           ; 0            ; 0       ; 0         ; 0    ; 0            ; |Block1|buzzer_sweet:inst7|temporizador:u_tmp       ; temporizador      ; work         ;
;    |debounce:inst3|              ; 135 (135)           ; 105 (105)                 ; 0           ; 0            ; 0       ; 0         ; 0    ; 0            ; |Block1|debounce:inst3                              ; debounce          ; work         ;
;    |lcd_controller:inst2|        ; 186 (186)           ; 47 (47)                   ; 0           ; 0            ; 0       ; 0         ; 0    ; 0            ; |Block1|lcd_controller:inst2                        ; lcd_controller    ; work         ;
;    |lcd_junkbox_ctrl:inst8|      ; 147 (147)           ; 41 (41)                   ; 0           ; 0            ; 0       ; 0         ; 0    ; 0            ; |Block1|lcd_junkbox_ctrl:inst8                      ; lcd_junkbox_ctrl  ; work         ;
+----------------------------------+---------------------+---------------------------+-------------+--------------+---------+-----------+------+--------------+-----------------------------------------------------+-------------------+--------------+
Note: For table entries with two numbers listed, the numbers in parentheses indicate the number of resources of the given type used by the specific entity alone. The numbers listed outside of parentheses indicate the total resources of the given type used by the specific entity and all of its sub-entities in the hierarchy.


Encoding Type:  One-Hot
+---------------------------------------------------------------------------------------------------------------------------------------------------------------------------------------------------------------------------------------------------------------------------------------------------------------------------------------------------------------------------------------------------------------------------------------------------------------------------------------------------------------------------------------------------------------------------------------------------------------------+
; State Machine - |Block1|buzzer_sweet:inst7|controlador_sweet:u_ctrl|estado_atual                                                                                                                                                                                                                                                                                                                                                                                                                                                                                                                                    ;
+------------------+------------------+------------------+------------------+------------------+------------------+------------------+------------------+------------------+------------------+------------------+------------------+------------------+------------------+------------------+------------------+------------------+------------------+------------------+------------------+------------------+------------------+-----------------+-----------------+-----------------+-----------------+-----------------+-----------------+-----------------+-----------------+-----------------+-----------------+
; Name             ; estado_atual.s30 ; estado_atual.s29 ; estado_atual.s28 ; estado_atual.s27 ; estado_atual.s26 ; estado_atual.s25 ; estado_atual.s24 ; estado_atual.s23 ; estado_atual.s22 ; estado_atual.s21 ; estado_atual.s20 ; estado_atual.s19 ; estado_atual.s18 ; estado_atual.s17 ; estado_atual.s16 ; estado_atual.s15 ; estado_atual.s14 ; estado_atual.s13 ; estado_atual.s12 ; estado_atual.s11 ; estado_atual.s10 ; estado_atual.s9 ; estado_atual.s8 ; estado_atual.s7 ; estado_atual.s6 ; estado_atual.s5 ; estado_atual.s4 ; estado_atual.s3 ; estado_atual.s2 ; estado_atual.s1 ; estado_atual.s0 ;
+------------------+------------------+------------------+------------------+------------------+------------------+------------------+------------------+------------------+------------------+------------------+------------------+------------------+------------------+------------------+------------------+------------------+------------------+------------------+------------------+------------------+------------------+-----------------+-----------------+-----------------+-----------------+-----------------+-----------------+-----------------+-----------------+-----------------+-----------------+
; estado_atual.s0  ; 0                ; 0                ; 0                ; 0                ; 0                ; 0                ; 0                ; 0                ; 0                ; 0                ; 0                ; 0                ; 0                ; 0                ; 0                ; 0                ; 0                ; 0                ; 0                ; 0                ; 0                ; 0               ; 0               ; 0               ; 0               ; 0               ; 0               ; 0               ; 0               ; 0               ; 0               ;
; estado_atual.s1  ; 0                ; 0                ; 0                ; 0                ; 0                ; 0                ; 0                ; 0                ; 0                ; 0                ; 0                ; 0                ; 0                ; 0                ; 0                ; 0                ; 0                ; 0                ; 0                ; 0                ; 0                ; 0               ; 0               ; 0               ; 0               ; 0               ; 0               ; 0               ; 0               ; 1               ; 1               ;
; estado_atual.s2  ; 0                ; 0                ; 0                ; 0                ; 0                ; 0                ; 0                ; 0                ; 0                ; 0                ; 0                ; 0                ; 0                ; 0                ; 0                ; 0                ; 0                ; 0                ; 0                ; 0                ; 0                ; 0               ; 0               ; 0               ; 0               ; 0               ; 0               ; 0               ; 1               ; 0               ; 1               ;
; estado_atual.s3  ; 0                ; 0                ; 0                ; 0                ; 0                ; 0                ; 0                ; 0                ; 0                ; 0                ; 0                ; 0                ; 0                ; 0                ; 0                ; 0                ; 0                ; 0                ; 0                ; 0                ; 0                ; 0               ; 0               ; 0               ; 0               ; 0               ; 0               ; 1               ; 0               ; 0               ; 1               ;
; estado_atual.s4  ; 0                ; 0                ; 0                ; 0                ; 0                ; 0                ; 0                ; 0                ; 0                ; 0                ; 0                ; 0                ; 0                ; 0                ; 0                ; 0                ; 0                ; 0                ; 0                ; 0                ; 0                ; 0               ; 0               ; 0               ; 0               ; 0               ; 1               ; 0               ; 0               ; 0               ; 1               ;
; estado_atual.s5  ; 0                ; 0                ; 0                ; 0                ; 0                ; 0                ; 0                ; 0                ; 0                ; 0                ; 0                ; 0                ; 0                ; 0                ; 0                ; 0                ; 0                ; 0                ; 0                ; 0                ; 0                ; 0               ; 0               ; 0               ; 0               ; 1               ; 0               ; 0               ; 0               ; 0               ; 1               ;
; estado_atual.s6  ; 0                ; 0                ; 0                ; 0                ; 0                ; 0                ; 0                ; 0                ; 0                ; 0                ; 0                ; 0                ; 0                ; 0                ; 0                ; 0                ; 0                ; 0                ; 0                ; 0                ; 0                ; 0               ; 0               ; 0               ; 1               ; 0               ; 0               ; 0               ; 0               ; 0               ; 1               ;
; estado_atual.s7  ; 0                ; 0                ; 0                ; 0                ; 0                ; 0                ; 0                ; 0                ; 0                ; 0                ; 0                ; 0                ; 0                ; 0                ; 0                ; 0                ; 0                ; 0                ; 0                ; 0                ; 0                ; 0               ; 0               ; 1               ; 0               ; 0               ; 0               ; 0               ; 0               ; 0               ; 1               ;
; estado_atual.s8  ; 0                ; 0                ; 0                ; 0                ; 0                ; 0                ; 0                ; 0                ; 0                ; 0                ; 0                ; 0                ; 0                ; 0                ; 0                ; 0                ; 0                ; 0                ; 0                ; 0                ; 0                ; 0               ; 1               ; 0               ; 0               ; 0               ; 0               ; 0               ; 0               ; 0               ; 1               ;
; estado_atual.s9  ; 0                ; 0                ; 0                ; 0                ; 0                ; 0                ; 0                ; 0                ; 0                ; 0                ; 0                ; 0                ; 0                ; 0                ; 0                ; 0                ; 0                ; 0                ; 0                ; 0                ; 0                ; 1               ; 0               ; 0               ; 0               ; 0               ; 0               ; 0               ; 0               ; 0               ; 1               ;
; estado_atual.s10 ; 0                ; 0                ; 0                ; 0                ; 0                ; 0                ; 0                ; 0                ; 0                ; 0                ; 0                ; 0                ; 0                ; 0                ; 0                ; 0                ; 0                ; 0                ; 0                ; 0                ; 1                ; 0               ; 0               ; 0               ; 0               ; 0               ; 0               ; 0               ; 0               ; 0               ; 1               ;
; estado_atual.s11 ; 0                ; 0                ; 0                ; 0                ; 0                ; 0                ; 0                ; 0                ; 0                ; 0                ; 0                ; 0                ; 0                ; 0                ; 0                ; 0                ; 0                ; 0                ; 0                ; 1                ; 0                ; 0               ; 0               ; 0               ; 0               ; 0               ; 0               ; 0               ; 0               ; 0               ; 1               ;
; estado_atual.s12 ; 0                ; 0                ; 0                ; 0                ; 0                ; 0                ; 0                ; 0                ; 0                ; 0                ; 0                ; 0                ; 0                ; 0                ; 0                ; 0                ; 0                ; 0                ; 1                ; 0                ; 0                ; 0               ; 0               ; 0               ; 0               ; 0               ; 0               ; 0               ; 0               ; 0               ; 1               ;
; estado_atual.s13 ; 0                ; 0                ; 0                ; 0                ; 0                ; 0                ; 0                ; 0                ; 0                ; 0                ; 0                ; 0                ; 0                ; 0                ; 0                ; 0                ; 0                ; 1                ; 0                ; 0                ; 0                ; 0               ; 0               ; 0               ; 0               ; 0               ; 0               ; 0               ; 0               ; 0               ; 1               ;
; estado_atual.s14 ; 0                ; 0                ; 0                ; 0                ; 0                ; 0                ; 0                ; 0                ; 0                ; 0                ; 0                ; 0                ; 0                ; 0                ; 0                ; 0                ; 1                ; 0                ; 0                ; 0                ; 0                ; 0               ; 0               ; 0               ; 0               ; 0               ; 0               ; 0               ; 0               ; 0               ; 1               ;
; estado_atual.s15 ; 0                ; 0                ; 0                ; 0                ; 0                ; 0                ; 0                ; 0                ; 0                ; 0                ; 0                ; 0                ; 0                ; 0                ; 0                ; 1                ; 0                ; 0                ; 0                ; 0                ; 0                ; 0               ; 0               ; 0               ; 0               ; 0               ; 0               ; 0               ; 0               ; 0               ; 1               ;
; estado_atual.s16 ; 0                ; 0                ; 0                ; 0                ; 0                ; 0                ; 0                ; 0                ; 0                ; 0                ; 0                ; 0                ; 0                ; 0                ; 1                ; 0                ; 0                ; 0                ; 0                ; 0                ; 0                ; 0               ; 0               ; 0               ; 0               ; 0               ; 0               ; 0               ; 0               ; 0               ; 1               ;
; estado_atual.s17 ; 0                ; 0                ; 0                ; 0                ; 0                ; 0                ; 0                ; 0                ; 0                ; 0                ; 0                ; 0                ; 0                ; 1                ; 0                ; 0                ; 0                ; 0                ; 0                ; 0                ; 0                ; 0               ; 0               ; 0               ; 0               ; 0               ; 0               ; 0               ; 0               ; 0               ; 1               ;
; estado_atual.s18 ; 0                ; 0                ; 0                ; 0                ; 0                ; 0                ; 0                ; 0                ; 0                ; 0                ; 0                ; 0                ; 1                ; 0                ; 0                ; 0                ; 0                ; 0                ; 0                ; 0                ; 0                ; 0               ; 0               ; 0               ; 0               ; 0               ; 0               ; 0               ; 0               ; 0               ; 1               ;
; estado_atual.s19 ; 0                ; 0                ; 0                ; 0                ; 0                ; 0                ; 0                ; 0                ; 0                ; 0                ; 0                ; 1                ; 0                ; 0                ; 0                ; 0                ; 0                ; 0                ; 0                ; 0                ; 0                ; 0               ; 0               ; 0               ; 0               ; 0               ; 0               ; 0               ; 0               ; 0               ; 1               ;
; estado_atual.s20 ; 0                ; 0                ; 0                ; 0                ; 0                ; 0                ; 0                ; 0                ; 0                ; 0                ; 1                ; 0                ; 0                ; 0                ; 0                ; 0                ; 0                ; 0                ; 0                ; 0                ; 0                ; 0               ; 0               ; 0               ; 0               ; 0               ; 0               ; 0               ; 0               ; 0               ; 1               ;
; estado_atual.s21 ; 0                ; 0                ; 0                ; 0                ; 0                ; 0                ; 0                ; 0                ; 0                ; 1                ; 0                ; 0                ; 0                ; 0                ; 0                ; 0                ; 0                ; 0                ; 0                ; 0                ; 0                ; 0               ; 0               ; 0               ; 0               ; 0               ; 0               ; 0               ; 0               ; 0               ; 1               ;
; estado_atual.s22 ; 0                ; 0                ; 0                ; 0                ; 0                ; 0                ; 0                ; 0                ; 1                ; 0                ; 0                ; 0                ; 0                ; 0                ; 0                ; 0                ; 0                ; 0                ; 0                ; 0                ; 0                ; 0               ; 0               ; 0               ; 0               ; 0               ; 0               ; 0               ; 0               ; 0               ; 1               ;
; estado_atual.s23 ; 0                ; 0                ; 0                ; 0                ; 0                ; 0                ; 0                ; 1                ; 0                ; 0                ; 0                ; 0                ; 0                ; 0                ; 0                ; 0                ; 0                ; 0                ; 0                ; 0                ; 0                ; 0               ; 0               ; 0               ; 0               ; 0               ; 0               ; 0               ; 0               ; 0               ; 1               ;
; estado_atual.s24 ; 0                ; 0                ; 0                ; 0                ; 0                ; 0                ; 1                ; 0                ; 0                ; 0                ; 0                ; 0                ; 0                ; 0                ; 0                ; 0                ; 0                ; 0                ; 0                ; 0                ; 0                ; 0               ; 0               ; 0               ; 0               ; 0               ; 0               ; 0               ; 0               ; 0               ; 1               ;
; estado_atual.s25 ; 0                ; 0                ; 0                ; 0                ; 0                ; 1                ; 0                ; 0                ; 0                ; 0                ; 0                ; 0                ; 0                ; 0                ; 0                ; 0                ; 0                ; 0                ; 0                ; 0                ; 0                ; 0               ; 0               ; 0               ; 0               ; 0               ; 0               ; 0               ; 0               ; 0               ; 1               ;
; estado_atual.s26 ; 0                ; 0                ; 0                ; 0                ; 1                ; 0                ; 0                ; 0                ; 0                ; 0                ; 0                ; 0                ; 0                ; 0                ; 0                ; 0                ; 0                ; 0                ; 0                ; 0                ; 0                ; 0               ; 0               ; 0               ; 0               ; 0               ; 0               ; 0               ; 0               ; 0               ; 1               ;
; estado_atual.s27 ; 0                ; 0                ; 0                ; 1                ; 0                ; 0                ; 0                ; 0                ; 0                ; 0                ; 0                ; 0                ; 0                ; 0                ; 0                ; 0                ; 0                ; 0                ; 0                ; 0                ; 0                ; 0               ; 0               ; 0               ; 0               ; 0               ; 0               ; 0               ; 0               ; 0               ; 1               ;
; estado_atual.s28 ; 0                ; 0                ; 1                ; 0                ; 0                ; 0                ; 0                ; 0                ; 0                ; 0                ; 0                ; 0                ; 0                ; 0                ; 0                ; 0                ; 0                ; 0                ; 0                ; 0                ; 0                ; 0               ; 0               ; 0               ; 0               ; 0               ; 0               ; 0               ; 0               ; 0               ; 1               ;
; estado_atual.s29 ; 0                ; 1                ; 0                ; 0                ; 0                ; 0                ; 0                ; 0                ; 0                ; 0                ; 0                ; 0                ; 0                ; 0                ; 0                ; 0                ; 0                ; 0                ; 0                ; 0                ; 0                ; 0               ; 0               ; 0               ; 0               ; 0               ; 0               ; 0               ; 0               ; 0               ; 1               ;
; estado_atual.s30 ; 1                ; 0                ; 0                ; 0                ; 0                ; 0                ; 0                ; 0                ; 0                ; 0                ; 0                ; 0                ; 0                ; 0                ; 0                ; 0                ; 0                ; 0                ; 0                ; 0                ; 0                ; 0               ; 0               ; 0               ; 0               ; 0               ; 0               ; 0               ; 0               ; 0               ; 1               ;
+------------------+------------------+------------------+------------------+------------------+------------------+------------------+------------------+------------------+------------------+------------------+------------------+------------------+------------------+------------------+------------------+------------------+------------------+------------------+------------------+------------------+------------------+-----------------+-----------------+-----------------+-----------------+-----------------+-----------------+-----------------+-----------------+-----------------+-----------------+


Encoding Type:  One-Hot
+-------------------------------------------------------------------------------------------------+
; State Machine - |Block1|lcd_junkbox_ctrl:inst8|state                                            ;
+-----------------+-----------------+---------------+-------------+-------------+-----------------+
; Name            ; state.BACK_MENU ; state.PLAYING ; state.SONG2 ; state.SONG1 ; state.SHOW_MENU ;
+-----------------+-----------------+---------------+-------------+-------------+-----------------+
; state.SHOW_MENU ; 0               ; 0             ; 0           ; 0           ; 0               ;
; state.SONG1     ; 0               ; 0             ; 0           ; 1           ; 1               ;
; state.SONG2     ; 0               ; 0             ; 1           ; 0           ; 1               ;
; state.PLAYING   ; 0               ; 1             ; 0           ; 0           ; 1               ;
; state.BACK_MENU ; 1               ; 0             ; 0           ; 0           ; 1               ;
+-----------------+-----------------+---------------+-------------+-------------+-----------------+


Encoding Type:  One-Hot
+--------------------------------------------------------------------------------------------------+
; State Machine - |Block1|lcd_controller:inst2|estado                                              ;
+----------------------+---------------+---------------+----------------------+--------------------+
; Name                 ; estado.ENVIAR ; estado.PRONTO ; estado.INICIALIZACAO ; estado.ENERGIZACAO ;
+----------------------+---------------+---------------+----------------------+--------------------+
; estado.ENERGIZACAO   ; 0             ; 0             ; 0                    ; 0                  ;
; estado.INICIALIZACAO ; 0             ; 0             ; 1                    ; 1                  ;
; estado.PRONTO        ; 0             ; 1             ; 0                    ; 1                  ;
; estado.ENVIAR        ; 1             ; 0             ; 0                    ; 1                  ;
+----------------------+---------------+---------------+----------------------+--------------------+


+------------------------------------------------------------------------------------------------------------------------------------------------+
; Registers Removed During Synthesis                                                                                                             ;
+-------------------------------------------------------------------------+----------------------------------------------------------------------+
; Register name                                                           ; Reason for Removal                                                   ;
+-------------------------------------------------------------------------+----------------------------------------------------------------------+
; buzzer_sweet:inst7|controlador_sweet:u_ctrl|Temp_out[24..27]            ; Stuck at GND due to stuck port data_in                               ;
; buzzer_sweet:inst7|controlador_sweet:u_ctrl|Temp_out[23]                ; Stuck at VCC due to stuck port data_in                               ;
; buzzer_sweet:inst7|controlador_sweet:u_ctrl|Temp_out[22]                ; Stuck at GND due to stuck port data_in                               ;
; buzzer_sweet:inst7|controlador_sweet:u_ctrl|Temp_out[17..21]            ; Stuck at VCC due to stuck port data_in                               ;
; buzzer_sweet:inst7|controlador_sweet:u_ctrl|Temp_out[16]                ; Stuck at GND due to stuck port data_in                               ;
; buzzer_sweet:inst7|controlador_sweet:u_ctrl|Temp_out[15]                ; Stuck at VCC due to stuck port data_in                               ;
; buzzer_sweet:inst7|controlador_sweet:u_ctrl|Temp_out[14]                ; Stuck at GND due to stuck port data_in                               ;
; buzzer_sweet:inst7|controlador_sweet:u_ctrl|Temp_out[10..13]            ; Stuck at VCC due to stuck port data_in                               ;
; buzzer_sweet:inst7|controlador_sweet:u_ctrl|Temp_out[6..9]              ; Stuck at GND due to stuck port data_in                               ;
; buzzer_sweet:inst7|controlador_sweet:u_ctrl|Temp_out[5]                 ; Stuck at VCC due to stuck port data_in                               ;
; buzzer_sweet:inst7|controlador_sweet:u_ctrl|Temp_out[0..4]              ; Stuck at GND due to stuck port data_in                               ;
; buzzer_sweet:inst7|controlador_sweet:u_ctrl|Freq_out[17..27]            ; Stuck at GND due to stuck port data_in                               ;
; buzzer_sweet:inst7|controlador_sweet:u_ctrl|Freq_out[11]                ; Merged with buzzer_sweet:inst7|controlador_sweet:u_ctrl|Freq_out[14] ;
; lcd_junkbox_ctrl:inst8|L2[22]                                           ; Merged with lcd_junkbox_ctrl:inst8|L2[16]                            ;
; lcd_junkbox_ctrl:inst8|L1[36]                                           ; Merged with lcd_junkbox_ctrl:inst8|L2[16]                            ;
; lcd_junkbox_ctrl:inst8|L2[8]                                            ; Merged with lcd_junkbox_ctrl:inst8|L2[16]                            ;
; lcd_junkbox_ctrl:inst8|L1[44]                                           ; Merged with lcd_junkbox_ctrl:inst8|L2[16]                            ;
; lcd_junkbox_ctrl:inst8|L2[24]                                           ; Merged with lcd_junkbox_ctrl:inst8|L2[16]                            ;
; lcd_junkbox_ctrl:inst8|L1[53]                                           ; Merged with lcd_junkbox_ctrl:inst8|L2[16]                            ;
; lcd_junkbox_ctrl:inst8|L2[27,104]                                       ; Merged with lcd_junkbox_ctrl:inst8|L2[16]                            ;
; lcd_junkbox_ctrl:inst8|L1[66]                                           ; Merged with lcd_junkbox_ctrl:inst8|L2[16]                            ;
; lcd_junkbox_ctrl:inst8|L2[6]                                            ; Merged with lcd_junkbox_ctrl:inst8|L2[16]                            ;
; lcd_junkbox_ctrl:inst8|L1[71]                                           ; Merged with lcd_junkbox_ctrl:inst8|L2[16]                            ;
; lcd_junkbox_ctrl:inst8|L2[107]                                          ; Merged with lcd_junkbox_ctrl:inst8|L2[16]                            ;
; lcd_junkbox_ctrl:inst8|L1[77]                                           ; Merged with lcd_junkbox_ctrl:inst8|L2[16]                            ;
; lcd_junkbox_ctrl:inst8|L2[30]                                           ; Merged with lcd_junkbox_ctrl:inst8|L2[16]                            ;
; lcd_junkbox_ctrl:inst8|L1[79]                                           ; Merged with lcd_junkbox_ctrl:inst8|L2[16]                            ;
; lcd_junkbox_ctrl:inst8|L2[111]                                          ; Merged with lcd_junkbox_ctrl:inst8|L2[16]                            ;
; lcd_junkbox_ctrl:inst8|L1[85]                                           ; Merged with lcd_junkbox_ctrl:inst8|L2[16]                            ;
; lcd_junkbox_ctrl:inst8|L2[14]                                           ; Merged with lcd_junkbox_ctrl:inst8|L2[16]                            ;
; lcd_junkbox_ctrl:inst8|L1[87]                                           ; Merged with lcd_junkbox_ctrl:inst8|L2[16]                            ;
; lcd_junkbox_ctrl:inst8|L2[36,114]                                       ; Merged with lcd_junkbox_ctrl:inst8|L2[16]                            ;
; lcd_junkbox_ctrl:inst8|L1[95]                                           ; Merged with lcd_junkbox_ctrl:inst8|L2[16]                            ;
; lcd_junkbox_ctrl:inst8|L2[120]                                          ; Merged with lcd_junkbox_ctrl:inst8|L2[16]                            ;
; lcd_junkbox_ctrl:inst8|L1[101]                                          ; Merged with lcd_junkbox_ctrl:inst8|L2[16]                            ;
; lcd_junkbox_ctrl:inst8|L2[4]                                            ; Merged with lcd_junkbox_ctrl:inst8|L2[16]                            ;
; lcd_junkbox_ctrl:inst8|L1[103]                                          ; Merged with lcd_junkbox_ctrl:inst8|L2[16]                            ;
; lcd_junkbox_ctrl:inst8|L2[38,123,126]                                   ; Merged with lcd_junkbox_ctrl:inst8|L2[16]                            ;
; lcd_junkbox_ctrl:inst8|L1[0,2,111,121]                                  ; Merged with lcd_junkbox_ctrl:inst8|L2[16]                            ;
; lcd_junkbox_ctrl:inst8|L2[2]                                            ; Merged with lcd_junkbox_ctrl:inst8|L2[16]                            ;
; lcd_junkbox_ctrl:inst8|L1[4,55,123,126]                                 ; Merged with lcd_junkbox_ctrl:inst8|L2[16]                            ;
; lcd_junkbox_ctrl:inst8|L2[7,15,26]                                      ; Merged with lcd_junkbox_ctrl:inst8|L2[16]                            ;
; lcd_junkbox_ctrl:inst8|L1[86]                                           ; Merged with lcd_junkbox_ctrl:inst8|L2[13]                            ;
; lcd_junkbox_ctrl:inst8|L2[81]                                           ; Merged with lcd_junkbox_ctrl:inst8|L2[13]                            ;
; lcd_junkbox_ctrl:inst8|L1[102]                                          ; Merged with lcd_junkbox_ctrl:inst8|L2[13]                            ;
; lcd_junkbox_ctrl:inst8|L2[21,89]                                        ; Merged with lcd_junkbox_ctrl:inst8|L2[13]                            ;
; lcd_junkbox_ctrl:inst8|L1[13,78]                                        ; Merged with lcd_junkbox_ctrl:inst8|L2[13]                            ;
; lcd_junkbox_ctrl:inst8|L2[54]                                           ; Merged with lcd_junkbox_ctrl:inst8|L2[13]                            ;
; lcd_junkbox_ctrl:inst8|L1[21,29,59]                                     ; Merged with lcd_junkbox_ctrl:inst8|L2[13]                            ;
; lcd_junkbox_ctrl:inst8|L2[5,29,37,125]                                  ; Merged with lcd_junkbox_ctrl:inst8|L2[13]                            ;
; lcd_junkbox_ctrl:inst8|L1[5,125]                                        ; Merged with lcd_junkbox_ctrl:inst8|L2[13]                            ;
; lcd_junkbox_ctrl:inst8|L1[15]                                           ; Merged with lcd_junkbox_ctrl:inst8|L2[12]                            ;
; lcd_junkbox_ctrl:inst8|L2[127]                                          ; Merged with lcd_junkbox_ctrl:inst8|L2[12]                            ;
; lcd_junkbox_ctrl:inst8|L1[7]                                            ; Merged with lcd_junkbox_ctrl:inst8|L2[12]                            ;
; lcd_junkbox_ctrl:inst8|L2[17]                                           ; Merged with lcd_junkbox_ctrl:inst8|L2[12]                            ;
; lcd_junkbox_ctrl:inst8|L1[23,31,68]                                     ; Merged with lcd_junkbox_ctrl:inst8|L2[12]                            ;
; lcd_junkbox_ctrl:inst8|L2[39,112]                                       ; Merged with lcd_junkbox_ctrl:inst8|L2[12]                            ;
; lcd_junkbox_ctrl:inst8|L1[122]                                          ; Merged with lcd_junkbox_ctrl:inst8|L2[12]                            ;
; lcd_junkbox_ctrl:inst8|L2[1]                                            ; Merged with lcd_junkbox_ctrl:inst8|L2[12]                            ;
; lcd_junkbox_ctrl:inst8|L1[11]                                           ; Merged with lcd_junkbox_ctrl:inst8|L2[12]                            ;
; lcd_junkbox_ctrl:inst8|L2[11]                                           ; Merged with lcd_junkbox_ctrl:inst8|L2[12]                            ;
; lcd_junkbox_ctrl:inst8|L1[19]                                           ; Merged with lcd_junkbox_ctrl:inst8|L2[12]                            ;
; lcd_junkbox_ctrl:inst8|L2[71]                                           ; Merged with lcd_junkbox_ctrl:inst8|L2[12]                            ;
; lcd_junkbox_ctrl:inst8|L1[27,35,39,61]                                  ; Merged with lcd_junkbox_ctrl:inst8|L2[12]                            ;
; lcd_junkbox_ctrl:inst8|L2[3,31,106,122]                                 ; Merged with lcd_junkbox_ctrl:inst8|L2[12]                            ;
; lcd_junkbox_ctrl:inst8|L1[3,9,17,127]                                   ; Merged with lcd_junkbox_ctrl:inst8|L2[12]                            ;
; lcd_junkbox_ctrl:inst8|L2[19,66]                                        ; Merged with lcd_junkbox_ctrl:inst8|L2[12]                            ;
; lcd_junkbox_ctrl:inst8|L1[25]                                           ; Merged with lcd_junkbox_ctrl:inst8|L2[12]                            ;
; lcd_junkbox_ctrl:inst8|L2[9,23,76,87,95]                                ; Merged with lcd_junkbox_ctrl:inst8|L2[12]                            ;
; lcd_junkbox_ctrl:inst8|L1[47]                                           ; Merged with lcd_junkbox_ctrl:inst8|L2[12]                            ;
; lcd_junkbox_ctrl:inst8|L2[103]                                          ; Merged with lcd_junkbox_ctrl:inst8|L2[12]                            ;
; lcd_junkbox_ctrl:inst8|L1[63]                                           ; Merged with lcd_junkbox_ctrl:inst8|L2[12]                            ;
; lcd_junkbox_ctrl:inst8|L2[119]                                          ; Merged with lcd_junkbox_ctrl:inst8|L2[12]                            ;
; lcd_junkbox_ctrl:inst8|L1[1,108,112,119]                                ; Merged with lcd_junkbox_ctrl:inst8|L2[12]                            ;
; lcd_junkbox_ctrl:inst8|L2[47]                                           ; Merged with lcd_junkbox_ctrl:inst8|L2[12]                            ;
; lcd_junkbox_ctrl:inst8|L1[6,8]                                          ; Merged with lcd_junkbox_ctrl:inst8|L2[12]                            ;
; lcd_junkbox_ctrl:inst8|L2[55]                                           ; Merged with lcd_junkbox_ctrl:inst8|L2[12]                            ;
; lcd_junkbox_ctrl:inst8|L1[10]                                           ; Merged with lcd_junkbox_ctrl:inst8|L2[12]                            ;
; lcd_junkbox_ctrl:inst8|L2[0]                                            ; Merged with lcd_junkbox_ctrl:inst8|L2[12]                            ;
; lcd_junkbox_ctrl:inst8|L1[12,14,16]                                     ; Merged with lcd_junkbox_ctrl:inst8|L2[12]                            ;
; lcd_junkbox_ctrl:inst8|L2[63]                                           ; Merged with lcd_junkbox_ctrl:inst8|L2[12]                            ;
; lcd_junkbox_ctrl:inst8|L1[18]                                           ; Merged with lcd_junkbox_ctrl:inst8|L2[12]                            ;
; lcd_junkbox_ctrl:inst8|L2[18]                                           ; Merged with lcd_junkbox_ctrl:inst8|L2[12]                            ;
; lcd_junkbox_ctrl:inst8|L1[20,22]                                        ; Merged with lcd_junkbox_ctrl:inst8|L2[12]                            ;
; lcd_junkbox_ctrl:inst8|L2[10]                                           ; Merged with lcd_junkbox_ctrl:inst8|L2[12]                            ;
; lcd_junkbox_ctrl:inst8|L1[24]                                           ; Merged with lcd_junkbox_ctrl:inst8|L2[12]                            ;
; lcd_junkbox_ctrl:inst8|L2[75]                                           ; Merged with lcd_junkbox_ctrl:inst8|L2[12]                            ;
; lcd_junkbox_ctrl:inst8|L1[26]                                           ; Merged with lcd_junkbox_ctrl:inst8|L2[12]                            ;
; lcd_junkbox_ctrl:inst8|L2[20]                                           ; Merged with lcd_junkbox_ctrl:inst8|L2[12]                            ;
; lcd_junkbox_ctrl:inst8|L1[28]                                           ; Merged with lcd_junkbox_ctrl:inst8|L2[12]                            ;
; lcd_junkbox_ctrl:inst8|L2[79]                                           ; Merged with lcd_junkbox_ctrl:inst8|L2[12]                            ;
; lcd_junkbox_ctrl:inst8|L1[30]                                           ; Merged with lcd_junkbox_ctrl:inst8|L2[12]                            ;
; lcd_junkbox_ctrl:inst8|L1[57,58,109]                                    ; Merged with lcd_junkbox_ctrl:inst8|L2[40]                            ;
; lcd_junkbox_ctrl:inst8|L1[33,43,84,98,104,106,110]                      ; Merged with lcd_junkbox_ctrl:inst8|L2[53]                            ;
; lcd_junkbox_ctrl:inst8|L2[61,68]                                        ; Merged with lcd_junkbox_ctrl:inst8|L2[53]                            ;
; lcd_junkbox_ctrl:inst8|L2[62]                                           ; Merged with lcd_junkbox_ctrl:inst8|L2[58]                            ;
; lcd_junkbox_ctrl:inst8|L1[37,72,94,117]                                 ; Merged with lcd_junkbox_ctrl:inst8|L2[58]                            ;
; lcd_junkbox_ctrl:inst8|L2[109]                                          ; Merged with lcd_junkbox_ctrl:inst8|L2[58]                            ;
; lcd_junkbox_ctrl:inst8|L1[90]                                           ; Merged with lcd_junkbox_ctrl:inst8|L2[58]                            ;
; lcd_junkbox_ctrl:inst8|L2[88,94,96]                                     ; Merged with lcd_junkbox_ctrl:inst8|L2[86]                            ;
; lcd_junkbox_ctrl:inst8|L1[54]                                           ; Merged with lcd_junkbox_ctrl:inst8|L2[86]                            ;
; lcd_junkbox_ctrl:inst8|L2[102]                                          ; Merged with lcd_junkbox_ctrl:inst8|L2[86]                            ;
; lcd_junkbox_ctrl:inst8|L1[62]                                           ; Merged with lcd_junkbox_ctrl:inst8|L2[86]                            ;
; lcd_junkbox_ctrl:inst8|L1[32,34,38,41,60,93,105,107,114,118]            ; Merged with lcd_junkbox_ctrl:inst8|L2[99]                            ;
; lcd_junkbox_ctrl:inst8|L2[12]                                           ; Merged with lcd_junkbox_ctrl:inst8|L2[16]                            ;
; lcd_junkbox_ctrl:inst8|L2[86]                                           ; Merged with lcd_junkbox_ctrl:inst8|L2[13]                            ;
; lcd_junkbox_ctrl:inst8|L2[58]                                           ; Merged with lcd_junkbox_ctrl:inst8|L2[40]                            ;
; lcd_junkbox_ctrl:inst8|L2[99]                                           ; Merged with lcd_junkbox_ctrl:inst8|L2[53]                            ;
; lcd_junkbox_ctrl:inst8|L1[75]                                           ; Merged with lcd_junkbox_ctrl:inst8|L1[70]                            ;
; lcd_junkbox_ctrl:inst8|L1[65,92,99]                                     ; Merged with lcd_junkbox_ctrl:inst8|L1[52]                            ;
; lcd_junkbox_ctrl:inst8|L2[25,28,32..35,44,64,65,70,84,85,92,93,101,118] ; Merged with lcd_junkbox_ctrl:inst8|L1[52]                            ;
; lcd_junkbox_ctrl:inst8|L2[45,67,77,80,98,108,110]                       ; Merged with lcd_junkbox_ctrl:inst8|L2[105]                           ;
; lcd_junkbox_ctrl:inst8|L1[40,69,89,120,124]                             ; Merged with lcd_junkbox_ctrl:inst8|L1[116]                           ;
; lcd_junkbox_ctrl:inst8|L2[113,115,121,124]                              ; Merged with lcd_junkbox_ctrl:inst8|L1[116]                           ;
; lcd_junkbox_ctrl:inst8|L1[76,80]                                        ; Merged with lcd_junkbox_ctrl:inst8|L1[67]                            ;
; lcd_junkbox_ctrl:inst8|L2[52]                                           ; Merged with lcd_junkbox_ctrl:inst8|L2[48]                            ;
; lcd_junkbox_ctrl:inst8|L1[56,97]                                        ; Merged with lcd_junkbox_ctrl:inst8|L1[51]                            ;
; lcd_junkbox_ctrl:inst8|L2[59]                                           ; Merged with lcd_junkbox_ctrl:inst8|L2[57]                            ;
; lcd_junkbox_ctrl:inst8|L2[56]                                           ; Merged with lcd_junkbox_ctrl:inst8|L2[51]                            ;
; lcd_junkbox_ctrl:inst8|L1[42,46,74,96,115]                              ; Merged with lcd_junkbox_ctrl:inst8|L1[113]                           ;
; lcd_junkbox_ctrl:inst8|L1[50,91]                                        ; Merged with lcd_junkbox_ctrl:inst8|L1[49]                            ;
; lcd_junkbox_ctrl:inst8|L2[42,46,50,72..74,78,82,90,91,100]              ; Merged with lcd_junkbox_ctrl:inst8|L1[49]                            ;
; lcd_junkbox_ctrl:inst8|L2[49,69,83,97,117]                              ; Merged with lcd_junkbox_ctrl:inst8|L1[100]                           ;
; lcd_junkbox_ctrl:inst8|L1[81..83,88]                                    ; Merged with lcd_junkbox_ctrl:inst8|L1[73]                            ;
; lcd_junkbox_ctrl:inst8|L2[116]                                          ; Merged with lcd_junkbox_ctrl:inst8|L1[73]                            ;
; lcd_junkbox_ctrl:inst8|L2[43]                                           ; Merged with lcd_junkbox_ctrl:inst8|L2[41]                            ;
; lcd_junkbox_ctrl:inst8|L1[64]                                           ; Merged with lcd_junkbox_ctrl:inst8|L1[48]                            ;
; lcd_junkbox_ctrl:inst8|L2[16]                                           ; Stuck at GND due to stuck port data_in                               ;
; lcd_junkbox_ctrl:inst8|L2[13]                                           ; Stuck at VCC due to stuck port data_in                               ;
; lcd_junkbox_ctrl:inst8|lcd_bus[8]                                       ; Stuck at GND due to stuck port data_in                               ;
; lcd_controller:inst2|rw                                                 ; Stuck at GND due to stuck port data_in                               ;
; lcd_junkbox_ctrl:inst8|L2[40]                                           ; Merged with lcd_junkbox_ctrl:inst8|L2[53]                            ;
; lcd_junkbox_ctrl:inst8|L1[100]                                          ; Merged with lcd_junkbox_ctrl:inst8|L1[52]                            ;
; lcd_junkbox_ctrl:inst8|L1[49]                                           ; Merged with lcd_junkbox_ctrl:inst8|L2[105]                           ;
; lcd_junkbox_ctrl:inst8|L1[116]                                          ; Merged with lcd_junkbox_ctrl:inst8|L1[70]                            ;
; lcd_junkbox_ctrl:inst8|L1[45]                                           ; Merged with lcd_junkbox_ctrl:inst8|L1[113]                           ;
; Total Number of Removed Registers = 284                                 ;                                                                      ;
+-------------------------------------------------------------------------+----------------------------------------------------------------------+


+--------------------------------------------------------------------------------------------------------+
; Removed Registers Triggering Further Register Optimizations                                            ;
+-----------------------------------+---------------------------+----------------------------------------+
; Register name                     ; Reason for Removal        ; Registers Removed due to This Register ;
+-----------------------------------+---------------------------+----------------------------------------+
; lcd_junkbox_ctrl:inst8|lcd_bus[8] ; Stuck at GND              ; lcd_controller:inst2|rw                ;
;                                   ; due to stuck port data_in ;                                        ;
+-----------------------------------+---------------------------+----------------------------------------+


+------------------------------------------------------+
; General Register Statistics                          ;
+----------------------------------------------+-------+
; Statistic                                    ; Value ;
+----------------------------------------------+-------+
; Total registers                              ; 321   ;
; Number of registers using Synchronous Clear  ; 129   ;
; Number of registers using Synchronous Load   ; 35    ;
; Number of registers using Asynchronous Clear ; 0     ;
; Number of registers using Asynchronous Load  ; 0     ;
; Number of registers using Clock Enable       ; 61    ;
; Number of registers using Preset             ; 0     ;
+----------------------------------------------+-------+


+-------------------------------------------------------------+
; Inverted Register Statistics                                ;
+---------------------------------------------------+---------+
; Inverted Register                                 ; Fan out ;
+---------------------------------------------------+---------+
; buzzer_sweet:inst7|mute_en                        ; 2       ;
; lcd_controller:inst2|busy                         ; 4       ;
; buzzer_sweet:inst7|controlador_sweet:u_ctrl|armed ; 3       ;
; Total number of inverted registers = 3            ;         ;
+---------------------------------------------------+---------+


+---------------------------------------------------------------------------------------------------------------------------------------------------------------------+
; Multiplexer Restructuring Statistics (Restructuring Performed)                                                                                                      ;
+--------------------+-----------+---------------+----------------------+------------------------+------------+-------------------------------------------------------+
; Multiplexer Inputs ; Bus Width ; Baseline Area ; Area if Restructured ; Saving if Restructured ; Registered ; Example Multiplexer Output                            ;
+--------------------+-----------+---------------+----------------------+------------------------+------------+-------------------------------------------------------+
; 3:1                ; 5 bits    ; 10 LEs        ; 5 LEs                ; 5 LEs                  ; Yes        ; |Block1|lcd_junkbox_ctrl:inst8|L1[70]                 ;
; 3:1                ; 3 bits    ; 6 LEs         ; 3 LEs                ; 3 LEs                  ; Yes        ; |Block1|lcd_junkbox_ctrl:inst8|L2[13]                 ;
; 3:1                ; 32 bits   ; 64 LEs        ; 32 LEs               ; 32 LEs                 ; Yes        ; |Block1|debounce:inst3|cnt[2][8]                      ;
; 3:1                ; 32 bits   ; 64 LEs        ; 32 LEs               ; 32 LEs                 ; Yes        ; |Block1|debounce:inst3|cnt[1][15]                     ;
; 3:1                ; 32 bits   ; 64 LEs        ; 32 LEs               ; 32 LEs                 ; Yes        ; |Block1|debounce:inst3|cnt[3][9]                      ;
; 3:1                ; 12 bits   ; 24 LEs        ; 24 LEs               ; 0 LEs                  ; Yes        ; |Block1|buzzer_sweet:inst7|temporizador:u_tmp|cnt[13] ;
; 5:1                ; 2 bits    ; 6 LEs         ; 2 LEs                ; 4 LEs                  ; Yes        ; |Block1|lcd_controller:inst2|rs                       ;
; 64:1               ; 2 bits    ; 84 LEs        ; 10 LEs               ; 74 LEs                 ; Yes        ; |Block1|lcd_junkbox_ctrl:inst8|lcd_bus[9]             ;
; 7:1                ; 32 bits   ; 128 LEs       ; 32 LEs               ; 96 LEs                 ; Yes        ; |Block1|lcd_controller:inst2|clk_count[28]            ;
; 14:1               ; 8 bits    ; 72 LEs        ; 56 LEs               ; 16 LEs                 ; Yes        ; |Block1|lcd_controller:inst2|lcd_data[6]              ;
; 3:1                ; 3 bits    ; 6 LEs         ; 6 LEs                ; 0 LEs                  ; No         ; |Block1|lcd_junkbox_ctrl:inst8|state                  ;
; 7:1                ; 2 bits    ; 8 LEs         ; 4 LEs                ; 4 LEs                  ; No         ; |Block1|lcd_junkbox_ctrl:inst8|Selector93             ;
+--------------------+-----------+---------------+----------------------+------------------------+------------+-------------------------------------------------------+


+-------------------------------------------------------------------+
; Parameter Settings for User Entity Instance: lcd_controller:inst2 ;
+----------------+-------+------------------------------------------+
; Parameter Name ; Value ; Type                                     ;
+----------------+-------+------------------------------------------+
; clk_freq       ; 50    ; Signed Integer                           ;
; display_lines  ; '1'   ; Enumerated                               ;
; character_font ; '0'   ; Enumerated                               ;
; display_on_off ; '1'   ; Enumerated                               ;
; cursor         ; '0'   ; Enumerated                               ;
; blink          ; '0'   ; Enumerated                               ;
; inc_dec        ; '1'   ; Enumerated                               ;
; shift          ; '0'   ; Enumerated                               ;
+----------------+-------+------------------------------------------+
Note: In order to hide this table in the UI and the text report file, please set the "Show Parameter Settings in Synthesis Report" option in "Analysis and Synthesis Settings -> More Settings" to "Off".


+---------------------------------------------------------------------+
; Parameter Settings for User Entity Instance: lcd_junkbox_ctrl:inst8 ;
+----------------+-------+--------------------------------------------+
; Parameter Name ; Value ; Type                                       ;
+----------------+-------+--------------------------------------------+
; KEY1_IDX       ; 1     ; Signed Integer                             ;
; KEY2_IDX       ; 2     ; Signed Integer                             ;
+----------------+-------+--------------------------------------------+
Note: In order to hide this table in the UI and the text report file, please set the "Show Parameter Settings in Synthesis Report" option in "Analysis and Synthesis Settings -> More Settings" to "Off".


+-------------------------------------------------------------+
; Parameter Settings for User Entity Instance: debounce:inst3 ;
+----------------+----------+---------------------------------+
; Parameter Name ; Value    ; Type                            ;
+----------------+----------+---------------------------------+
; clk_freq_hz    ; 50000000 ; Signed Integer                  ;
; debounce_ms    ; 20       ; Signed Integer                  ;
; n_keys         ; 4        ; Signed Integer                  ;
+----------------+----------+---------------------------------+
Note: In order to hide this table in the UI and the text report file, please set the "Show Parameter Settings in Synthesis Report" option in "Analysis and Synthesis Settings -> More Settings" to "Off".


+-------------------------------------------------------------------------------------------------------------------+
; Port Connectivity Checks: "buzzer_sweet:inst7|controlador_sweet:u_ctrl"                                           ;
+---------+--------+----------+-------------------------------------------------------------------------------------+
; Port    ; Type   ; Severity ; Details                                                                             ;
+---------+--------+----------+-------------------------------------------------------------------------------------+
; clk_out ; Output ; Info     ; Connected to dangling logic. Logic that only feeds a dangling port will be removed. ;
+---------+--------+----------+-------------------------------------------------------------------------------------+


+-----------------------------------------------------+
; Post-Synthesis Netlist Statistics for Top Partition ;
+-----------------------+-----------------------------+
; Type                  ; Count                       ;
+-----------------------+-----------------------------+
; boundary_port         ; 17                          ;
; cycloneiii_ff         ; 321                         ;
;     ENA               ; 58                          ;
;     ENA SLD           ; 3                           ;
;     SCLR              ; 129                         ;
;     SLD               ; 32                          ;
;     plain             ; 99                          ;
; cycloneiii_lcell_comb ; 643                         ;
;     arith             ; 191                         ;
;         2 data inputs ; 191                         ;
;     normal            ; 452                         ;
;         0 data inputs ; 1                           ;
;         1 data inputs ; 12                          ;
;         2 data inputs ; 96                          ;
;         3 data inputs ; 86                          ;
;         4 data inputs ; 257                         ;
;                       ;                             ;
; Max LUT depth         ; 16.00                       ;
; Average LUT depth     ; 5.49                        ;
+-----------------------+-----------------------------+


+-------------------------------+
; Elapsed Time Per Partition    ;
+----------------+--------------+
; Partition Name ; Elapsed Time ;
+----------------+--------------+
; Top            ; 00:00:01     ;
+----------------+--------------+


+-------------------------------+
; Analysis & Synthesis Messages ;
+-------------------------------+
Info: *******************************************************************
Info: Running Quartus Prime Analysis & Synthesis
    Info: Version 24.1std.0 Build 1077 03/04/2025 SC Lite Edition
    Info: Processing started: Sat Aug 16 12:37:26 2025
Info: Command: quartus_map --read_settings_files=on --write_settings_files=off lcd_controller -c lcd_controller
Info (20030): Parallel compilation is enabled and will use 10 of the 10 processors detected
Info (12021): Found 2 design units, including 1 entities, in source file controlador_sweet.vhd
    Info (12022): Found design unit 1: controlador_sweet-bhv File: C:/Users/romariojveloso/Documents/PESSOAL/UFPE/ELETRONICA DIGITAL/Eletronica_digital/lcd_controller/controlador_sweet.vhd Line: 14
    Info (12023): Found entity 1: controlador_sweet File: C:/Users/romariojveloso/Documents/PESSOAL/UFPE/ELETRONICA DIGITAL/Eletronica_digital/lcd_controller/controlador_sweet.vhd Line: 5
Info (12021): Found 1 design units, including 1 entities, in source file buzzer_controlavel/buzzer_controlavel/buzzer_controlavel.bdf
    Info (12023): Found entity 1: buzzer_controlavel
Info (12021): Found 2 design units, including 1 entities, in source file buzzer_controlavel/buzzer_controlavel/temporizador.vhd
    Info (12022): Found design unit 1: temporizador-sem_rearme File: C:/Users/romariojveloso/Documents/PESSOAL/UFPE/ELETRONICA DIGITAL/Eletronica_digital/lcd_controller/buzzer_controlavel/buzzer_controlavel/temporizador.vhd Line: 9
    Info (12023): Found entity 1: temporizador File: C:/Users/romariojveloso/Documents/PESSOAL/UFPE/ELETRONICA DIGITAL/Eletronica_digital/lcd_controller/buzzer_controlavel/buzzer_controlavel/temporizador.vhd Line: 4
Info (12021): Found 2 design units, including 1 entities, in source file buzzer_controlavel/buzzer_controlavel/sirene_estrutural.vhd
    Info (12022): Found design unit 1: sirene_estrutural-estrutural File: C:/Users/romariojveloso/Documents/PESSOAL/UFPE/ELETRONICA DIGITAL/Eletronica_digital/lcd_controller/buzzer_controlavel/buzzer_controlavel/sirene_estrutural.vhd Line: 8
    Info (12023): Found entity 1: sirene_estrutural File: C:/Users/romariojveloso/Documents/PESSOAL/UFPE/ELETRONICA DIGITAL/Eletronica_digital/lcd_controller/buzzer_controlavel/buzzer_controlavel/sirene_estrutural.vhd Line: 4
Info (12021): Found 1 design units, including 0 entities, in source file buzzer_controlavel/buzzer_controlavel/pkg_buzzer.vhd
    Info (12022): Found design unit 1: pkg_buzzer File: C:/Users/romariojveloso/Documents/PESSOAL/UFPE/ELETRONICA DIGITAL/Eletronica_digital/lcd_controller/buzzer_controlavel/buzzer_controlavel/pkg_buzzer.vhd Line: 3
Info (12021): Found 2 design units, including 1 entities, in source file buzzer_controlavel/buzzer_controlavel/divisor_clock.vhd
    Info (12022): Found design unit 1: divisor_clock-clock File: C:/Users/romariojveloso/Documents/PESSOAL/UFPE/ELETRONICA DIGITAL/Eletronica_digital/lcd_controller/buzzer_controlavel/buzzer_controlavel/divisor_clock.vhd Line: 10
    Info (12023): Found entity 1: divisor_clock File: C:/Users/romariojveloso/Documents/PESSOAL/UFPE/ELETRONICA DIGITAL/Eletronica_digital/lcd_controller/buzzer_controlavel/buzzer_controlavel/divisor_clock.vhd Line: 4
Info (12021): Found 2 design units, including 1 entities, in source file buzzer_controlavel/buzzer_controlavel/controlador_fur_elise.vhd
    Info (12022): Found design unit 1: controlador_fur_elise-bhv File: C:/Users/romariojveloso/Documents/PESSOAL/UFPE/ELETRONICA DIGITAL/Eletronica_digital/lcd_controller/buzzer_controlavel/buzzer_controlavel/controlador_fur_elise.vhd Line: 10
    Info (12023): Found entity 1: controlador_fur_elise File: C:/Users/romariojveloso/Documents/PESSOAL/UFPE/ELETRONICA DIGITAL/Eletronica_digital/lcd_controller/buzzer_controlavel/buzzer_controlavel/controlador_fur_elise.vhd Line: 4
Info (12021): Found 2 design units, including 1 entities, in source file buzzer_controlavel/buzzer_controlavel/controlador.vhd
    Info (12022): Found design unit 1: controlador-bhv File: C:/Users/romariojveloso/Documents/PESSOAL/UFPE/ELETRONICA DIGITAL/Eletronica_digital/lcd_controller/buzzer_controlavel/buzzer_controlavel/controlador.vhd Line: 10
    Info (12023): Found entity 1: controlador File: C:/Users/romariojveloso/Documents/PESSOAL/UFPE/ELETRONICA DIGITAL/Eletronica_digital/lcd_controller/buzzer_controlavel/buzzer_controlavel/controlador.vhd Line: 4
Info (12021): Found 2 design units, including 0 entities, in source file lcd_vhdl_package.vhd
    Info (12022): Found design unit 1: lcd_vhdl_package File: C:/Users/romariojveloso/Documents/PESSOAL/UFPE/ELETRONICA DIGITAL/Eletronica_digital/lcd_controller/lcd_vhdl_package.vhd Line: 5
    Info (12022): Found design unit 2: lcd_vhdl_package-body File: C:/Users/romariojveloso/Documents/PESSOAL/UFPE/ELETRONICA DIGITAL/Eletronica_digital/lcd_controller/lcd_vhdl_package.vhd Line: 23
Info (12021): Found 2 design units, including 1 entities, in source file lcd_controller.vhd
    Info (12022): Found design unit 1: lcd_controller-bhv File: C:/Users/romariojveloso/Documents/PESSOAL/UFPE/ELETRONICA DIGITAL/Eletronica_digital/lcd_controller/lcd_controller.vhd Line: 22
    Info (12023): Found entity 1: lcd_controller File: C:/Users/romariojveloso/Documents/PESSOAL/UFPE/ELETRONICA DIGITAL/Eletronica_digital/lcd_controller/lcd_controller.vhd Line: 3
Info (12021): Found 1 design units, including 1 entities, in source file block1.bdf
    Info (12023): Found entity 1: Block1
Info (12021): Found 2 design units, including 1 entities, in source file lcd_logic.vhd
    Info (12022): Found design unit 1: lcd_logic-bhv File: C:/Users/romariojveloso/Documents/PESSOAL/UFPE/ELETRONICA DIGITAL/Eletronica_digital/lcd_controller/lcd_logic.vhd Line: 12
    Info (12023): Found entity 1: lcd_logic File: C:/Users/romariojveloso/Documents/PESSOAL/UFPE/ELETRONICA DIGITAL/Eletronica_digital/lcd_controller/lcd_logic.vhd Line: 4
Info (12021): Found 2 design units, including 1 entities, in source file debounce.vhd
    Info (12022): Found design unit 1: debounce-rtl File: C:/Users/romariojveloso/Documents/PESSOAL/UFPE/ELETRONICA DIGITAL/Eletronica_digital/lcd_controller/debounce.vhd Line: 18
    Info (12023): Found entity 1: debounce File: C:/Users/romariojveloso/Documents/PESSOAL/UFPE/ELETRONICA DIGITAL/Eletronica_digital/lcd_controller/debounce.vhd Line: 5
Info (12021): Found 2 design units, including 1 entities, in source file buzzer_sweet.vhd
    Info (12022): Found design unit 1: buzzer_sweet-estrutural File: C:/Users/romariojveloso/Documents/PESSOAL/UFPE/ELETRONICA DIGITAL/Eletronica_digital/lcd_controller/buzzer_sweet.vhd Line: 17
    Info (12023): Found entity 1: buzzer_sweet File: C:/Users/romariojveloso/Documents/PESSOAL/UFPE/ELETRONICA DIGITAL/Eletronica_digital/lcd_controller/buzzer_sweet.vhd Line: 5
Info (12021): Found 2 design units, including 1 entities, in source file lcd_junkbox_ctrl.vhd
    Info (12022): Found design unit 1: lcd_junkbox_ctrl-bhv File: C:/Users/romariojveloso/Documents/PESSOAL/UFPE/ELETRONICA DIGITAL/Eletronica_digital/lcd_controller/lcd_junkbox_ctrl.vhd Line: 24
    Info (12023): Found entity 1: lcd_junkbox_ctrl File: C:/Users/romariojveloso/Documents/PESSOAL/UFPE/ELETRONICA DIGITAL/Eletronica_digital/lcd_controller/lcd_junkbox_ctrl.vhd Line: 6
Info (12127): Elaborating entity "Block1" for the top level hierarchy
Info (12128): Elaborating entity "lcd_controller" for hierarchy "lcd_controller:inst2"
Info (12128): Elaborating entity "lcd_junkbox_ctrl" for hierarchy "lcd_junkbox_ctrl:inst8"
Info (12128): Elaborating entity "buzzer_sweet" for hierarchy "buzzer_sweet:inst7"
Info (12128): Elaborating entity "controlador_sweet" for hierarchy "buzzer_sweet:inst7|controlador_sweet:u_ctrl" File: C:/Users/romariojveloso/Documents/PESSOAL/UFPE/ELETRONICA DIGITAL/Eletronica_digital/lcd_controller/buzzer_sweet.vhd Line: 75
Info (12128): Elaborating entity "temporizador" for hierarchy "buzzer_sweet:inst7|temporizador:u_tmp" File: C:/Users/romariojveloso/Documents/PESSOAL/UFPE/ELETRONICA DIGITAL/Eletronica_digital/lcd_controller/buzzer_sweet.vhd Line: 89
Warning (10492): VHDL Process Statement warning at temporizador.vhd(22): signal "cnt" is read inside the Process Statement but isn't in the Process Statement's sensitivity list File: C:/Users/romariojveloso/Documents/PESSOAL/UFPE/ELETRONICA DIGITAL/Eletronica_digital/lcd_controller/buzzer_controlavel/buzzer_controlavel/temporizador.vhd Line: 22
Info (12128): Elaborating entity "divisor_clock" for hierarchy "buzzer_sweet:inst7|divisor_clock:u_div" File: C:/Users/romariojveloso/Documents/PESSOAL/UFPE/ELETRONICA DIGITAL/Eletronica_digital/lcd_controller/buzzer_sweet.vhd Line: 98
Info (12128): Elaborating entity "debounce" for hierarchy "debounce:inst3"
Warning (13024): Output pins are stuck at VCC or GND
    Warning (13410): Pin "lcd_rw" is stuck at GND
Info (286030): Timing-Driven Synthesis is running
Info (16010): Generating hard_block partition "hard_block:auto_generated_inst"
    Info (16011): Adding 0 node(s), including 0 DDIO, 0 PLL, 0 transceiver and 0 LCELL
Warning (21074): Design contains 1 input pin(s) that do not drive logic
    Warning (15610): No output dependent on input pin "key[4]"
Info (21057): Implemented 690 device resources after synthesis - the final resource count might be different
    Info (21058): Implemented 5 input pins
    Info (21059): Implemented 12 output pins
    Info (21061): Implemented 673 logic cells
Info: Quartus Prime Analysis & Synthesis was successful. 0 errors, 5 warnings
    Info: Peak virtual memory: 4911 megabytes
    Info: Processing ended: Sat Aug 16 12:37:35 2025
    Info: Elapsed time: 00:00:09
    Info: Total CPU time (on all processors): 00:00:17


