------------------------------------------------------------
Timing Analyzer Summary
------------------------------------------------------------

Type  : Slow 1200mV 85C Model Setup 'clock'
Slack : -7.314
TNS   : -924.415

Type  : Slow 1200mV 85C Model Setup 'divisor_de_frequencia:inst31|aux_tff'
Slack : -5.256
TNS   : -77.234

Type  : Slow 1200mV 85C Model Setup 'divisor_de_frequencia:inst8|aux_tff'
Slack : -4.682
TNS   : -70.097

Type  : Slow 1200mV 85C Model Setup 'divisor_de_frequencia:inst26|aux_tff'
Slack : -4.414
TNS   : -68.446

Type  : Slow 1200mV 85C Model Setup 'divisor_de_frequencia:inst5|aux_tff'
Slack : -4.237
TNS   : -66.393

Type  : Slow 1200mV 85C Model Setup 'divisor_de_frequencia:inst6|aux_tff'
Slack : -1.021
TNS   : -4.606

Type  : Slow 1200mV 85C Model Setup 'Cronometro:inst25|Seletor_alimentacao_display:inst46|divisor_de_frequencia:inst|aux_tff'
Slack : -0.062
TNS   : -0.062

Type  : Slow 1200mV 85C Model Setup 'Cronometro:inst30|Seletor_alimentacao_display:inst46|divisor_de_frequencia:inst|aux_tff'
Slack : -0.003
TNS   : -0.003

Type  : Slow 1200mV 85C Model Setup 'Cronometro:inst32|Seletor_alimentacao_display:inst46|divisor_de_frequencia:inst|aux_tff'
Slack : -0.001
TNS   : -0.001

Type  : Slow 1200mV 85C Model Setup 'Cronometro:inst13|Seletor_alimentacao_display:inst46|divisor_de_frequencia:inst|aux_tff'
Slack : 0.000
TNS   : 0.000

Type  : Slow 1200mV 85C Model Hold 'clock'
Slack : 0.433
TNS   : 0.000

Type  : Slow 1200mV 85C Model Hold 'divisor_de_frequencia:inst8|aux_tff'
Slack : 0.434
TNS   : 0.000

Type  : Slow 1200mV 85C Model Hold 'divisor_de_frequencia:inst26|aux_tff'
Slack : 0.453
TNS   : 0.000

Type  : Slow 1200mV 85C Model Hold 'divisor_de_frequencia:inst31|aux_tff'
Slack : 0.453
TNS   : 0.000

Type  : Slow 1200mV 85C Model Hold 'divisor_de_frequencia:inst5|aux_tff'
Slack : 0.453
TNS   : 0.000

Type  : Slow 1200mV 85C Model Hold 'Cronometro:inst13|Seletor_alimentacao_display:inst46|divisor_de_frequencia:inst|aux_tff'
Slack : 0.454
TNS   : 0.000

Type  : Slow 1200mV 85C Model Hold 'Cronometro:inst25|Seletor_alimentacao_display:inst46|divisor_de_frequencia:inst|aux_tff'
Slack : 0.454
TNS   : 0.000

Type  : Slow 1200mV 85C Model Hold 'Cronometro:inst30|Seletor_alimentacao_display:inst46|divisor_de_frequencia:inst|aux_tff'
Slack : 0.454
TNS   : 0.000

Type  : Slow 1200mV 85C Model Hold 'Cronometro:inst32|Seletor_alimentacao_display:inst46|divisor_de_frequencia:inst|aux_tff'
Slack : 0.454
TNS   : 0.000

Type  : Slow 1200mV 85C Model Hold 'divisor_de_frequencia:inst6|aux_tff'
Slack : 0.709
TNS   : 0.000

Type  : Slow 1200mV 85C Model Recovery 'divisor_de_frequencia:inst8|aux_tff'
Slack : -3.290
TNS   : -43.326

Type  : Slow 1200mV 85C Model Recovery 'divisor_de_frequencia:inst5|aux_tff'
Slack : -2.817
TNS   : -43.892

Type  : Slow 1200mV 85C Model Recovery 'divisor_de_frequencia:inst31|aux_tff'
Slack : -2.558
TNS   : -35.093

Type  : Slow 1200mV 85C Model Recovery 'divisor_de_frequencia:inst26|aux_tff'
Slack : -2.426
TNS   : -35.432

Type  : Slow 1200mV 85C Model Removal 'divisor_de_frequencia:inst26|aux_tff'
Slack : 1.583
TNS   : 0.000

Type  : Slow 1200mV 85C Model Removal 'divisor_de_frequencia:inst31|aux_tff'
Slack : 1.674
TNS   : 0.000

Type  : Slow 1200mV 85C Model Removal 'divisor_de_frequencia:inst5|aux_tff'
Slack : 1.719
TNS   : 0.000

Type  : Slow 1200mV 85C Model Removal 'divisor_de_frequencia:inst8|aux_tff'
Slack : 2.033
TNS   : 0.000

Type  : Slow 1200mV 85C Model Minimum Pulse Width 'clock'
Slack : -3.000
TNS   : -420.847

Type  : Slow 1200mV 85C Model Minimum Pulse Width 'divisor_de_frequencia:inst26|aux_tff'
Slack : -1.487
TNS   : -23.792

Type  : Slow 1200mV 85C Model Minimum Pulse Width 'divisor_de_frequencia:inst31|aux_tff'
Slack : -1.487
TNS   : -23.792

Type  : Slow 1200mV 85C Model Minimum Pulse Width 'divisor_de_frequencia:inst5|aux_tff'
Slack : -1.487
TNS   : -23.792

Type  : Slow 1200mV 85C Model Minimum Pulse Width 'divisor_de_frequencia:inst8|aux_tff'
Slack : -1.487
TNS   : -23.792

Type  : Slow 1200mV 85C Model Minimum Pulse Width 'divisor_de_frequencia:inst6|aux_tff'
Slack : -1.487
TNS   : -17.844

Type  : Slow 1200mV 85C Model Minimum Pulse Width 'Cronometro:inst13|Seletor_alimentacao_display:inst46|divisor_de_frequencia:inst|aux_tff'
Slack : -1.487
TNS   : -2.974

Type  : Slow 1200mV 85C Model Minimum Pulse Width 'Cronometro:inst25|Seletor_alimentacao_display:inst46|divisor_de_frequencia:inst|aux_tff'
Slack : -1.487
TNS   : -2.974

Type  : Slow 1200mV 85C Model Minimum Pulse Width 'Cronometro:inst30|Seletor_alimentacao_display:inst46|divisor_de_frequencia:inst|aux_tff'
Slack : -1.487
TNS   : -2.974

Type  : Slow 1200mV 85C Model Minimum Pulse Width 'Cronometro:inst32|Seletor_alimentacao_display:inst46|divisor_de_frequencia:inst|aux_tff'
Slack : -1.487
TNS   : -2.974

Type  : Slow 1200mV 0C Model Setup 'clock'
Slack : -6.725
TNS   : -850.518

Type  : Slow 1200mV 0C Model Setup 'divisor_de_frequencia:inst31|aux_tff'
Slack : -4.852
TNS   : -70.821

Type  : Slow 1200mV 0C Model Setup 'divisor_de_frequencia:inst8|aux_tff'
Slack : -4.276
TNS   : -64.045

Type  : Slow 1200mV 0C Model Setup 'divisor_de_frequencia:inst26|aux_tff'
Slack : -4.033
TNS   : -62.483

Type  : Slow 1200mV 0C Model Setup 'divisor_de_frequencia:inst5|aux_tff'
Slack : -3.878
TNS   : -61.742

Type  : Slow 1200mV 0C Model Setup 'divisor_de_frequencia:inst6|aux_tff'
Slack : -0.837
TNS   : -3.531

Type  : Slow 1200mV 0C Model Setup 'Cronometro:inst25|Seletor_alimentacao_display:inst46|divisor_de_frequencia:inst|aux_tff'
Slack : 0.036
TNS   : 0.000

Type  : Slow 1200mV 0C Model Setup 'Cronometro:inst30|Seletor_alimentacao_display:inst46|divisor_de_frequencia:inst|aux_tff'
Slack : 0.090
TNS   : 0.000

Type  : Slow 1200mV 0C Model Setup 'Cronometro:inst32|Seletor_alimentacao_display:inst46|divisor_de_frequencia:inst|aux_tff'
Slack : 0.091
TNS   : 0.000

Type  : Slow 1200mV 0C Model Setup 'Cronometro:inst13|Seletor_alimentacao_display:inst46|divisor_de_frequencia:inst|aux_tff'
Slack : 0.093
TNS   : 0.000

Type  : Slow 1200mV 0C Model Hold 'clock'
Slack : 0.382
TNS   : 0.000

Type  : Slow 1200mV 0C Model Hold 'divisor_de_frequencia:inst8|aux_tff'
Slack : 0.383
TNS   : 0.000

Type  : Slow 1200mV 0C Model Hold 'divisor_de_frequencia:inst26|aux_tff'
Slack : 0.401
TNS   : 0.000

Type  : Slow 1200mV 0C Model Hold 'divisor_de_frequencia:inst31|aux_tff'
Slack : 0.401
TNS   : 0.000

Type  : Slow 1200mV 0C Model Hold 'Cronometro:inst13|Seletor_alimentacao_display:inst46|divisor_de_frequencia:inst|aux_tff'
Slack : 0.402
TNS   : 0.000

Type  : Slow 1200mV 0C Model Hold 'Cronometro:inst25|Seletor_alimentacao_display:inst46|divisor_de_frequencia:inst|aux_tff'
Slack : 0.402
TNS   : 0.000

Type  : Slow 1200mV 0C Model Hold 'Cronometro:inst30|Seletor_alimentacao_display:inst46|divisor_de_frequencia:inst|aux_tff'
Slack : 0.402
TNS   : 0.000

Type  : Slow 1200mV 0C Model Hold 'Cronometro:inst32|Seletor_alimentacao_display:inst46|divisor_de_frequencia:inst|aux_tff'
Slack : 0.402
TNS   : 0.000

Type  : Slow 1200mV 0C Model Hold 'divisor_de_frequencia:inst5|aux_tff'
Slack : 0.402
TNS   : 0.000

Type  : Slow 1200mV 0C Model Hold 'divisor_de_frequencia:inst6|aux_tff'
Slack : 0.657
TNS   : 0.000

Type  : Slow 1200mV 0C Model Recovery 'divisor_de_frequencia:inst8|aux_tff'
Slack : -3.002
TNS   : -39.166

Type  : Slow 1200mV 0C Model Recovery 'divisor_de_frequencia:inst5|aux_tff'
Slack : -2.610
TNS   : -40.425

Type  : Slow 1200mV 0C Model Recovery 'divisor_de_frequencia:inst31|aux_tff'
Slack : -2.341
TNS   : -31.774

Type  : Slow 1200mV 0C Model Recovery 'divisor_de_frequencia:inst26|aux_tff'
Slack : -2.194
TNS   : -31.992

Type  : Slow 1200mV 0C Model Removal 'divisor_de_frequencia:inst26|aux_tff'
Slack : 1.366
TNS   : 0.000

Type  : Slow 1200mV 0C Model Removal 'divisor_de_frequencia:inst31|aux_tff'
Slack : 1.464
TNS   : 0.000

Type  : Slow 1200mV 0C Model Removal 'divisor_de_frequencia:inst5|aux_tff'
Slack : 1.587
TNS   : 0.000

Type  : Slow 1200mV 0C Model Removal 'divisor_de_frequencia:inst8|aux_tff'
Slack : 1.837
TNS   : 0.000

Type  : Slow 1200mV 0C Model Minimum Pulse Width 'clock'
Slack : -3.000
TNS   : -420.847

Type  : Slow 1200mV 0C Model Minimum Pulse Width 'divisor_de_frequencia:inst26|aux_tff'
Slack : -1.487
TNS   : -23.792

Type  : Slow 1200mV 0C Model Minimum Pulse Width 'divisor_de_frequencia:inst31|aux_tff'
Slack : -1.487
TNS   : -23.792

Type  : Slow 1200mV 0C Model Minimum Pulse Width 'divisor_de_frequencia:inst5|aux_tff'
Slack : -1.487
TNS   : -23.792

Type  : Slow 1200mV 0C Model Minimum Pulse Width 'divisor_de_frequencia:inst8|aux_tff'
Slack : -1.487
TNS   : -23.792

Type  : Slow 1200mV 0C Model Minimum Pulse Width 'divisor_de_frequencia:inst6|aux_tff'
Slack : -1.487
TNS   : -17.844

Type  : Slow 1200mV 0C Model Minimum Pulse Width 'Cronometro:inst13|Seletor_alimentacao_display:inst46|divisor_de_frequencia:inst|aux_tff'
Slack : -1.487
TNS   : -2.974

Type  : Slow 1200mV 0C Model Minimum Pulse Width 'Cronometro:inst25|Seletor_alimentacao_display:inst46|divisor_de_frequencia:inst|aux_tff'
Slack : -1.487
TNS   : -2.974

Type  : Slow 1200mV 0C Model Minimum Pulse Width 'Cronometro:inst30|Seletor_alimentacao_display:inst46|divisor_de_frequencia:inst|aux_tff'
Slack : -1.487
TNS   : -2.974

Type  : Slow 1200mV 0C Model Minimum Pulse Width 'Cronometro:inst32|Seletor_alimentacao_display:inst46|divisor_de_frequencia:inst|aux_tff'
Slack : -1.487
TNS   : -2.974

Type  : Fast 1200mV 0C Model Setup 'clock'
Slack : -2.780
TNS   : -245.767

Type  : Fast 1200mV 0C Model Setup 'divisor_de_frequencia:inst31|aux_tff'
Slack : -1.959
TNS   : -28.277

Type  : Fast 1200mV 0C Model Setup 'divisor_de_frequencia:inst8|aux_tff'
Slack : -1.506
TNS   : -22.028

Type  : Fast 1200mV 0C Model Setup 'divisor_de_frequencia:inst26|aux_tff'
Slack : -1.377
TNS   : -21.128

Type  : Fast 1200mV 0C Model Setup 'divisor_de_frequencia:inst5|aux_tff'
Slack : -1.349
TNS   : -21.251

Type  : Fast 1200mV 0C Model Setup 'divisor_de_frequencia:inst6|aux_tff'
Slack : 0.138
TNS   : 0.000

Type  : Fast 1200mV 0C Model Setup 'Cronometro:inst25|Seletor_alimentacao_display:inst46|divisor_de_frequencia:inst|aux_tff'
Slack : 0.535
TNS   : 0.000

Type  : Fast 1200mV 0C Model Setup 'Cronometro:inst30|Seletor_alimentacao_display:inst46|divisor_de_frequencia:inst|aux_tff'
Slack : 0.563
TNS   : 0.000

Type  : Fast 1200mV 0C Model Setup 'Cronometro:inst32|Seletor_alimentacao_display:inst46|divisor_de_frequencia:inst|aux_tff'
Slack : 0.566
TNS   : 0.000

Type  : Fast 1200mV 0C Model Setup 'Cronometro:inst13|Seletor_alimentacao_display:inst46|divisor_de_frequencia:inst|aux_tff'
Slack : 0.567
TNS   : 0.000

Type  : Fast 1200mV 0C Model Hold 'clock'
Slack : 0.161
TNS   : 0.000

Type  : Fast 1200mV 0C Model Hold 'divisor_de_frequencia:inst8|aux_tff'
Slack : 0.179
TNS   : 0.000

Type  : Fast 1200mV 0C Model Hold 'divisor_de_frequencia:inst26|aux_tff'
Slack : 0.186
TNS   : 0.000

Type  : Fast 1200mV 0C Model Hold 'Cronometro:inst13|Seletor_alimentacao_display:inst46|divisor_de_frequencia:inst|aux_tff'
Slack : 0.187
TNS   : 0.000

Type  : Fast 1200mV 0C Model Hold 'Cronometro:inst25|Seletor_alimentacao_display:inst46|divisor_de_frequencia:inst|aux_tff'
Slack : 0.187
TNS   : 0.000

Type  : Fast 1200mV 0C Model Hold 'Cronometro:inst30|Seletor_alimentacao_display:inst46|divisor_de_frequencia:inst|aux_tff'
Slack : 0.187
TNS   : 0.000

Type  : Fast 1200mV 0C Model Hold 'divisor_de_frequencia:inst31|aux_tff'
Slack : 0.187
TNS   : 0.000

Type  : Fast 1200mV 0C Model Hold 'divisor_de_frequencia:inst5|aux_tff'
Slack : 0.187
TNS   : 0.000

Type  : Fast 1200mV 0C Model Hold 'Cronometro:inst32|Seletor_alimentacao_display:inst46|divisor_de_frequencia:inst|aux_tff'
Slack : 0.188
TNS   : 0.000

Type  : Fast 1200mV 0C Model Hold 'divisor_de_frequencia:inst6|aux_tff'
Slack : 0.275
TNS   : 0.000

Type  : Fast 1200mV 0C Model Recovery 'divisor_de_frequencia:inst8|aux_tff'
Slack : -0.937
TNS   : -10.356

Type  : Fast 1200mV 0C Model Recovery 'divisor_de_frequencia:inst5|aux_tff'
Slack : -0.761
TNS   : -11.726

Type  : Fast 1200mV 0C Model Recovery 'divisor_de_frequencia:inst31|aux_tff'
Slack : -0.602
TNS   : -6.968

Type  : Fast 1200mV 0C Model Recovery 'divisor_de_frequencia:inst26|aux_tff'
Slack : -0.515
TNS   : -6.560

Type  : Fast 1200mV 0C Model Removal 'divisor_de_frequencia:inst26|aux_tff'
Slack : 0.631
TNS   : 0.000

Type  : Fast 1200mV 0C Model Removal 'divisor_de_frequencia:inst5|aux_tff'
Slack : 0.731
TNS   : 0.000

Type  : Fast 1200mV 0C Model Removal 'divisor_de_frequencia:inst31|aux_tff'
Slack : 0.738
TNS   : 0.000

Type  : Fast 1200mV 0C Model Removal 'divisor_de_frequencia:inst8|aux_tff'
Slack : 0.877
TNS   : 0.000

Type  : Fast 1200mV 0C Model Minimum Pulse Width 'clock'
Slack : -3.000
TNS   : -302.988

Type  : Fast 1200mV 0C Model Minimum Pulse Width 'divisor_de_frequencia:inst26|aux_tff'
Slack : -1.000
TNS   : -16.000

Type  : Fast 1200mV 0C Model Minimum Pulse Width 'divisor_de_frequencia:inst31|aux_tff'
Slack : -1.000
TNS   : -16.000

Type  : Fast 1200mV 0C Model Minimum Pulse Width 'divisor_de_frequencia:inst5|aux_tff'
Slack : -1.000
TNS   : -16.000

Type  : Fast 1200mV 0C Model Minimum Pulse Width 'divisor_de_frequencia:inst8|aux_tff'
Slack : -1.000
TNS   : -16.000

Type  : Fast 1200mV 0C Model Minimum Pulse Width 'divisor_de_frequencia:inst6|aux_tff'
Slack : -1.000
TNS   : -12.000

Type  : Fast 1200mV 0C Model Minimum Pulse Width 'Cronometro:inst13|Seletor_alimentacao_display:inst46|divisor_de_frequencia:inst|aux_tff'
Slack : -1.000
TNS   : -2.000

Type  : Fast 1200mV 0C Model Minimum Pulse Width 'Cronometro:inst25|Seletor_alimentacao_display:inst46|divisor_de_frequencia:inst|aux_tff'
Slack : -1.000
TNS   : -2.000

Type  : Fast 1200mV 0C Model Minimum Pulse Width 'Cronometro:inst30|Seletor_alimentacao_display:inst46|divisor_de_frequencia:inst|aux_tff'
Slack : -1.000
TNS   : -2.000

Type  : Fast 1200mV 0C Model Minimum Pulse Width 'Cronometro:inst32|Seletor_alimentacao_display:inst46|divisor_de_frequencia:inst|aux_tff'
Slack : -1.000
TNS   : -2.000

------------------------------------------------------------
