Analysis & Synthesis report for sirene3
Tue Feb 08 16:31:33 2022
Quartus Prime Version 20.1.1 Build 720 11/11/2020 SJ Lite Edition


---------------------
; Table of Contents ;
---------------------
  1. Legal Notice
  2. Analysis & Synthesis Summary
  3. Analysis & Synthesis Settings
  4. Parallel Compilation
  5. Analysis & Synthesis Source Files Read
  6. Analysis & Synthesis Resource Usage Summary
  7. Analysis & Synthesis Resource Utilization by Entity
  8. State Machine - |sirene_estrutural|controlador:control|estado_atual
  9. Registers Removed During Synthesis
 10. General Register Statistics
 11. Multiplexer Restructuring Statistics (Restructuring Performed)
 12. Port Connectivity Checks: "controlador:control"
 13. Post-Synthesis Netlist Statistics for Top Partition
 14. Elapsed Time Per Partition
 15. Analysis & Synthesis Messages



----------------
; Legal Notice ;
----------------
Copyright (C) 2020  Intel Corporation. All rights reserved.
Your use of Intel Corporation's design tools, logic functions 
and other software and tools, and any partner logic 
functions, and any output files from any of the foregoing 
(including device programming or simulation files), and any 
associated documentation or information are expressly subject 
to the terms and conditions of the Intel Program License 
Subscription Agreement, the Intel Quartus Prime License Agreement,
the Intel FPGA IP License Agreement, or other applicable license
agreement, including, without limitation, that your use is for
the sole purpose of programming logic devices manufactured by
Intel and sold by Intel or its authorized distributors.  Please
refer to the applicable agreement for further details, at
https://fpgasoftware.intel.com/eula.



+----------------------------------------------------------------------------------+
; Analysis & Synthesis Summary                                                     ;
+------------------------------------+---------------------------------------------+
; Analysis & Synthesis Status        ; Successful - Tue Feb 08 16:31:33 2022       ;
; Quartus Prime Version              ; 20.1.1 Build 720 11/11/2020 SJ Lite Edition ;
; Revision Name                      ; sirene3                                     ;
; Top-level Entity Name              ; sirene_estrutural                           ;
; Family                             ; Cyclone IV E                                ;
; Total logic elements               ; 134                                         ;
;     Total combinational functions  ; 128                                         ;
;     Dedicated logic registers      ; 72                                          ;
; Total registers                    ; 72                                          ;
; Total pins                         ; 2                                           ;
; Total virtual pins                 ; 0                                           ;
; Total memory bits                  ; 0                                           ;
; Embedded Multiplier 9-bit elements ; 0                                           ;
; Total PLLs                         ; 0                                           ;
+------------------------------------+---------------------------------------------+


+------------------------------------------------------------------------------------------------------------+
; Analysis & Synthesis Settings                                                                              ;
+------------------------------------------------------------------+--------------------+--------------------+
; Option                                                           ; Setting            ; Default Value      ;
+------------------------------------------------------------------+--------------------+--------------------+
; Device                                                           ; EP4CE6E22C8        ;                    ;
; Top-level entity name                                            ; sirene_estrutural  ; sirene3            ;
; Family name                                                      ; Cyclone IV E       ; Cyclone V          ;
; Use smart compilation                                            ; On                 ; Off                ;
; Maximum processors allowed for parallel compilation              ; All                ;                    ;
; Enable parallel Assembler and Timing Analyzer during compilation ; On                 ; On                 ;
; Enable compact report table                                      ; Off                ; Off                ;
; Restructure Multiplexers                                         ; Auto               ; Auto               ;
; Create Debugging Nodes for IP Cores                              ; Off                ; Off                ;
; Preserve fewer node names                                        ; On                 ; On                 ;
; Intel FPGA IP Evaluation Mode                                    ; Enable             ; Enable             ;
; Verilog Version                                                  ; Verilog_2001       ; Verilog_2001       ;
; VHDL Version                                                     ; VHDL_1993          ; VHDL_1993          ;
; State Machine Processing                                         ; Auto               ; Auto               ;
; Safe State Machine                                               ; Off                ; Off                ;
; Extract Verilog State Machines                                   ; On                 ; On                 ;
; Extract VHDL State Machines                                      ; On                 ; On                 ;
; Ignore Verilog initial constructs                                ; Off                ; Off                ;
; Iteration limit for constant Verilog loops                       ; 5000               ; 5000               ;
; Iteration limit for non-constant Verilog loops                   ; 250                ; 250                ;
; Add Pass-Through Logic to Inferred RAMs                          ; On                 ; On                 ;
; Infer RAMs from Raw Logic                                        ; On                 ; On                 ;
; Parallel Synthesis                                               ; On                 ; On                 ;
; DSP Block Balancing                                              ; Auto               ; Auto               ;
; NOT Gate Push-Back                                               ; On                 ; On                 ;
; Power-Up Don't Care                                              ; On                 ; On                 ;
; Remove Redundant Logic Cells                                     ; Off                ; Off                ;
; Remove Duplicate Registers                                       ; On                 ; On                 ;
; Ignore CARRY Buffers                                             ; Off                ; Off                ;
; Ignore CASCADE Buffers                                           ; Off                ; Off                ;
; Ignore GLOBAL Buffers                                            ; Off                ; Off                ;
; Ignore ROW GLOBAL Buffers                                        ; Off                ; Off                ;
; Ignore LCELL Buffers                                             ; Off                ; Off                ;
; Ignore SOFT Buffers                                              ; On                 ; On                 ;
; Limit AHDL Integers to 32 Bits                                   ; Off                ; Off                ;
; Optimization Technique                                           ; Balanced           ; Balanced           ;
; Carry Chain Length                                               ; 70                 ; 70                 ;
; Auto Carry Chains                                                ; On                 ; On                 ;
; Auto Open-Drain Pins                                             ; On                 ; On                 ;
; Perform WYSIWYG Primitive Resynthesis                            ; Off                ; Off                ;
; Auto ROM Replacement                                             ; On                 ; On                 ;
; Auto RAM Replacement                                             ; On                 ; On                 ;
; Auto DSP Block Replacement                                       ; On                 ; On                 ;
; Auto Shift Register Replacement                                  ; Auto               ; Auto               ;
; Allow Shift Register Merging across Hierarchies                  ; Auto               ; Auto               ;
; Auto Clock Enable Replacement                                    ; On                 ; On                 ;
; Strict RAM Replacement                                           ; Off                ; Off                ;
; Allow Synchronous Control Signals                                ; On                 ; On                 ;
; Force Use of Synchronous Clear Signals                           ; Off                ; Off                ;
; Auto RAM Block Balancing                                         ; On                 ; On                 ;
; Auto RAM to Logic Cell Conversion                                ; Off                ; Off                ;
; Auto Resource Sharing                                            ; Off                ; Off                ;
; Allow Any RAM Size For Recognition                               ; Off                ; Off                ;
; Allow Any ROM Size For Recognition                               ; Off                ; Off                ;
; Allow Any Shift Register Size For Recognition                    ; Off                ; Off                ;
; Use LogicLock Constraints during Resource Balancing              ; On                 ; On                 ;
; Ignore translate_off and synthesis_off directives                ; Off                ; Off                ;
; Timing-Driven Synthesis                                          ; On                 ; On                 ;
; Report Parameter Settings                                        ; On                 ; On                 ;
; Report Source Assignments                                        ; On                 ; On                 ;
; Report Connectivity Checks                                       ; On                 ; On                 ;
; Ignore Maximum Fan-Out Assignments                               ; Off                ; Off                ;
; Synchronization Register Chain Length                            ; 2                  ; 2                  ;
; Power Optimization During Synthesis                              ; Normal compilation ; Normal compilation ;
; HDL message level                                                ; Level2             ; Level2             ;
; Suppress Register Optimization Related Messages                  ; Off                ; Off                ;
; Number of Removed Registers Reported in Synthesis Report         ; 5000               ; 5000               ;
; Number of Swept Nodes Reported in Synthesis Report               ; 5000               ; 5000               ;
; Number of Inverted Registers Reported in Synthesis Report        ; 100                ; 100                ;
; Clock MUX Protection                                             ; On                 ; On                 ;
; Auto Gated Clock Conversion                                      ; Off                ; Off                ;
; Block Design Naming                                              ; Auto               ; Auto               ;
; SDC constraint protection                                        ; Off                ; Off                ;
; Synthesis Effort                                                 ; Auto               ; Auto               ;
; Shift Register Replacement - Allow Asynchronous Clear Signal     ; On                 ; On                 ;
; Pre-Mapping Resynthesis Optimization                             ; Off                ; Off                ;
; Analysis & Synthesis Message Level                               ; Medium             ; Medium             ;
; Disable Register Merging Across Hierarchies                      ; Auto               ; Auto               ;
; Resource Aware Inference For Block RAM                           ; On                 ; On                 ;
+------------------------------------------------------------------+--------------------+--------------------+


+------------------------------------------+
; Parallel Compilation                     ;
+----------------------------+-------------+
; Processors                 ; Number      ;
+----------------------------+-------------+
; Number detected on machine ; 4           ;
; Maximum allowed            ; 2           ;
;                            ;             ;
; Average used               ; 1.00        ;
; Maximum used               ; 2           ;
;                            ;             ;
; Usage by Processor         ; % Time Used ;
;     Processor 1            ; 100.0%      ;
;     Processor 2            ;   0.0%      ;
+----------------------------+-------------+


+---------------------------------------------------------------------------------------------------------------------------------------------------------------------+
; Analysis & Synthesis Source Files Read                                                                                                                              ;
+----------------------------------+-----------------+-----------------+------------------------------------------------------------------------------------+---------+
; File Name with User-Entered Path ; Used in Netlist ; File Type       ; File Name with Absolute Path                                                       ; Library ;
+----------------------------------+-----------------+-----------------+------------------------------------------------------------------------------------+---------+
; sirene_estrutural.vhd            ; yes             ; User VHDL File  ; D:/MALKI/Documentos/Quartus/VHDL/exemplos RZ-EasyFPGA/buzzer/sirene_estrutural.vhd ;         ;
; temporizador.vhd                 ; yes             ; User VHDL File  ; D:/MALKI/Documentos/Quartus/VHDL/exemplos RZ-EasyFPGA/buzzer/temporizador.vhd      ;         ;
; divisor_clock.vhd                ; yes             ; User VHDL File  ; D:/MALKI/Documentos/Quartus/VHDL/exemplos RZ-EasyFPGA/buzzer/divisor_clock.vhd     ;         ;
; pkg_buzzer.vhd                   ; yes             ; User VHDL File  ; D:/MALKI/Documentos/Quartus/VHDL/exemplos RZ-EasyFPGA/buzzer/pkg_buzzer.vhd        ;         ;
; controlador.vhd                  ; yes             ; User VHDL File  ; D:/MALKI/Documentos/Quartus/VHDL/exemplos RZ-EasyFPGA/buzzer/controlador.vhd       ;         ;
+----------------------------------+-----------------+-----------------+------------------------------------------------------------------------------------+---------+


+-----------------------------------------------------------+
; Analysis & Synthesis Resource Usage Summary               ;
+---------------------------------------------+-------------+
; Resource                                    ; Usage       ;
+---------------------------------------------+-------------+
; Estimated Total logic elements              ; 134         ;
;                                             ;             ;
; Total combinational functions               ; 128         ;
; Logic element usage by number of LUT inputs ;             ;
;     -- 4 input functions                    ; 36          ;
;     -- 3 input functions                    ; 10          ;
;     -- <=2 input functions                  ; 82          ;
;                                             ;             ;
; Logic elements by mode                      ;             ;
;     -- normal mode                          ; 66          ;
;     -- arithmetic mode                      ; 62          ;
;                                             ;             ;
; Total registers                             ; 72          ;
;     -- Dedicated logic registers            ; 72          ;
;     -- I/O registers                        ; 0           ;
;                                             ;             ;
; I/O pins                                    ; 2           ;
;                                             ;             ;
; Embedded Multiplier 9-bit elements          ; 0           ;
;                                             ;             ;
; Maximum fan-out node                        ; clock~input ;
; Maximum fan-out                             ; 72          ;
; Total fan-out                               ; 515         ;
; Average fan-out                             ; 2.52        ;
+---------------------------------------------+-------------+


+-----------------------------------------------------------------------------------------------------------------------------------------------------------------------------------------------------------------------------------------+
; Analysis & Synthesis Resource Utilization by Entity                                                                                                                                                                                     ;
+------------------------------+---------------------+---------------------------+-------------+--------------+---------+-----------+------+--------------+--------------------------------------------+-------------------+--------------+
; Compilation Hierarchy Node   ; Combinational ALUTs ; Dedicated Logic Registers ; Memory Bits ; DSP Elements ; DSP 9x9 ; DSP 18x18 ; Pins ; Virtual Pins ; Full Hierarchy Name                        ; Entity Name       ; Library Name ;
+------------------------------+---------------------+---------------------------+-------------+--------------+---------+-----------+------+--------------+--------------------------------------------+-------------------+--------------+
; |sirene_estrutural           ; 128 (0)             ; 72 (0)                    ; 0           ; 0            ; 0       ; 0         ; 2    ; 0            ; |sirene_estrutural                         ; sirene_estrutural ; work         ;
;    |controlador:control|     ; 1 (1)               ; 7 (7)                     ; 0           ; 0            ; 0       ; 0         ; 0    ; 0            ; |sirene_estrutural|controlador:control     ; controlador       ; work         ;
;    |divisor_clock:div_clock| ; 52 (52)             ; 33 (33)                   ; 0           ; 0            ; 0       ; 0         ; 0    ; 0            ; |sirene_estrutural|divisor_clock:div_clock ; divisor_clock     ; work         ;
;    |temporizador:temp|       ; 75 (75)             ; 32 (32)                   ; 0           ; 0            ; 0       ; 0         ; 0    ; 0            ; |sirene_estrutural|temporizador:temp       ; temporizador      ; work         ;
+------------------------------+---------------------+---------------------------+-------------+--------------+---------+-----------+------+--------------+--------------------------------------------+-------------------+--------------+
Note: For table entries with two numbers listed, the numbers in parentheses indicate the number of resources of the given type used by the specific entity alone. The numbers listed outside of parentheses indicate the total resources of the given type used by the specific entity and all of its sub-entities in the hierarchy.


Encoding Type:  One-Hot
+-----------------------------------------------------------------------+
; State Machine - |sirene_estrutural|controlador:control|estado_atual   ;
+-----------------+-----------------+-----------------+-----------------+
; Name            ; estado_atual.s2 ; estado_atual.s1 ; estado_atual.s0 ;
+-----------------+-----------------+-----------------+-----------------+
; estado_atual.s0 ; 0               ; 0               ; 0               ;
; estado_atual.s1 ; 0               ; 1               ; 1               ;
; estado_atual.s2 ; 1               ; 0               ; 1               ;
+-----------------+-----------------+-----------------+-----------------+


+---------------------------------------------------------------------------------------------------+
; Registers Removed During Synthesis                                                                ;
+----------------------------------------------------+----------------------------------------------+
; Register name                                      ; Reason for Removal                           ;
+----------------------------------------------------+----------------------------------------------+
; controlador:control|Freq_out[2,6..8,16..27]        ; Stuck at GND due to stuck port data_in       ;
; controlador:control|Temp_out[0..5,8..10]           ; Stuck at GND due to stuck port data_in       ;
; controlador:control|Temp_out[12..14,19..22]        ; Stuck at VCC due to stuck port data_in       ;
; controlador:control|Temp_out[26,27]                ; Stuck at GND due to stuck port data_in       ;
; controlador:control|Freq_out[0,10]                 ; Merged with controlador:control|Freq_out[15] ;
; controlador:control|Freq_out[1,11,12]              ; Merged with controlador:control|Freq_out[14] ;
; controlador:control|Temp_out[6,7,11,15..18,23..25] ; Merged with controlador:control|Freq_out[14] ;
; controlador:control|Freq_out[3..5,9]               ; Merged with controlador:control|Freq_out[13] ;
; Total Number of Removed Registers = 53             ;                                              ;
+----------------------------------------------------+----------------------------------------------+


+------------------------------------------------------+
; General Register Statistics                          ;
+----------------------------------------------+-------+
; Statistic                                    ; Value ;
+----------------------------------------------+-------+
; Total registers                              ; 72    ;
; Number of registers using Synchronous Clear  ; 32    ;
; Number of registers using Synchronous Load   ; 0     ;
; Number of registers using Asynchronous Clear ; 0     ;
; Number of registers using Asynchronous Load  ; 0     ;
; Number of registers using Clock Enable       ; 2     ;
; Number of registers using Preset             ; 0     ;
+----------------------------------------------+-------+


+------------------------------------------------------------------------------------------------------------------------------------------------------------+
; Multiplexer Restructuring Statistics (Restructuring Performed)                                                                                             ;
+--------------------+-----------+---------------+----------------------+------------------------+------------+----------------------------------------------+
; Multiplexer Inputs ; Bus Width ; Baseline Area ; Area if Restructured ; Saving if Restructured ; Registered ; Example Multiplexer Output                   ;
+--------------------+-----------+---------------+----------------------+------------------------+------------+----------------------------------------------+
; 3:1                ; 7 bits    ; 14 LEs        ; 14 LEs               ; 0 LEs                  ; Yes        ; |sirene_estrutural|temporizador:temp|cnt[12] ;
; 3:1                ; 10 bits   ; 20 LEs        ; 20 LEs               ; 0 LEs                  ; Yes        ; |sirene_estrutural|temporizador:temp|cnt[6]  ;
+--------------------+-----------+---------------+----------------------+------------------------+------------+----------------------------------------------+


+-------------------------------------------------------------------------------------------------------------------+
; Port Connectivity Checks: "controlador:control"                                                                   ;
+---------+--------+----------+-------------------------------------------------------------------------------------+
; Port    ; Type   ; Severity ; Details                                                                             ;
+---------+--------+----------+-------------------------------------------------------------------------------------+
; clk_out ; Output ; Info     ; Connected to dangling logic. Logic that only feeds a dangling port will be removed. ;
+---------+--------+----------+-------------------------------------------------------------------------------------+


+-----------------------------------------------------+
; Post-Synthesis Netlist Statistics for Top Partition ;
+-----------------------+-----------------------------+
; Type                  ; Count                       ;
+-----------------------+-----------------------------+
; boundary_port         ; 2                           ;
; cycloneiii_ff         ; 72                          ;
;     ENA               ; 2                           ;
;     SCLR              ; 32                          ;
;     plain             ; 38                          ;
; cycloneiii_lcell_comb ; 128                         ;
;     arith             ; 62                          ;
;         2 data inputs ; 62                          ;
;     normal            ; 66                          ;
;         1 data inputs ; 2                           ;
;         2 data inputs ; 18                          ;
;         3 data inputs ; 10                          ;
;         4 data inputs ; 36                          ;
;                       ;                             ;
; Max LUT depth         ; 6.00                        ;
; Average LUT depth     ; 4.03                        ;
+-----------------------+-----------------------------+


+-------------------------------+
; Elapsed Time Per Partition    ;
+----------------+--------------+
; Partition Name ; Elapsed Time ;
+----------------+--------------+
; Top            ; 00:00:00     ;
+----------------+--------------+


+-------------------------------+
; Analysis & Synthesis Messages ;
+-------------------------------+
Info: *******************************************************************
Info: Running Quartus Prime Analysis & Synthesis
    Info: Version 20.1.1 Build 720 11/11/2020 SJ Lite Edition
    Info: Processing started: Tue Feb 08 16:31:22 2022
Info: Command: quartus_map --read_settings_files=on --write_settings_files=off sirene3 -c sirene3
Info (20030): Parallel compilation is enabled and will use 2 of the 2 processors detected
Info (12021): Found 2 design units, including 1 entities, in source file sirene_estrutural.vhd
    Info (12022): Found design unit 1: sirene_estrutural-estrutural File: D:/MALKI/Documentos/Quartus/VHDL/exemplos RZ-EasyFPGA/buzzer/sirene_estrutural.vhd Line: 8
    Info (12023): Found entity 1: sirene_estrutural File: D:/MALKI/Documentos/Quartus/VHDL/exemplos RZ-EasyFPGA/buzzer/sirene_estrutural.vhd Line: 4
Info (12021): Found 2 design units, including 1 entities, in source file temporizador.vhd
    Info (12022): Found design unit 1: temporizador-sem_rearme File: D:/MALKI/Documentos/Quartus/VHDL/exemplos RZ-EasyFPGA/buzzer/temporizador.vhd Line: 9
    Info (12023): Found entity 1: temporizador File: D:/MALKI/Documentos/Quartus/VHDL/exemplos RZ-EasyFPGA/buzzer/temporizador.vhd Line: 4
Info (12021): Found 2 design units, including 1 entities, in source file divisor_clock.vhd
    Info (12022): Found design unit 1: divisor_clock-clock File: D:/MALKI/Documentos/Quartus/VHDL/exemplos RZ-EasyFPGA/buzzer/divisor_clock.vhd Line: 10
    Info (12023): Found entity 1: divisor_clock File: D:/MALKI/Documentos/Quartus/VHDL/exemplos RZ-EasyFPGA/buzzer/divisor_clock.vhd Line: 4
Info (12021): Found 1 design units, including 0 entities, in source file pkg_buzzer.vhd
    Info (12022): Found design unit 1: pkg_buzzer File: D:/MALKI/Documentos/Quartus/VHDL/exemplos RZ-EasyFPGA/buzzer/pkg_buzzer.vhd Line: 3
Info (12021): Found 2 design units, including 1 entities, in source file controlador.vhd
    Info (12022): Found design unit 1: controlador-bhv File: D:/MALKI/Documentos/Quartus/VHDL/exemplos RZ-EasyFPGA/buzzer/controlador.vhd Line: 12
    Info (12023): Found entity 1: controlador File: D:/MALKI/Documentos/Quartus/VHDL/exemplos RZ-EasyFPGA/buzzer/controlador.vhd Line: 4
Info (12127): Elaborating entity "sirene_estrutural" for the top level hierarchy
Warning (10036): Verilog HDL or VHDL warning at sirene_estrutural.vhd(9): object "t4" assigned a value but never read File: D:/MALKI/Documentos/Quartus/VHDL/exemplos RZ-EasyFPGA/buzzer/sirene_estrutural.vhd Line: 9
Info (12128): Elaborating entity "temporizador" for hierarchy "temporizador:temp" File: D:/MALKI/Documentos/Quartus/VHDL/exemplos RZ-EasyFPGA/buzzer/sirene_estrutural.vhd Line: 12
Warning (10492): VHDL Process Statement warning at temporizador.vhd(22): signal "cnt" is read inside the Process Statement but isn't in the Process Statement's sensitivity list File: D:/MALKI/Documentos/Quartus/VHDL/exemplos RZ-EasyFPGA/buzzer/temporizador.vhd Line: 22
Info (12128): Elaborating entity "divisor_clock" for hierarchy "divisor_clock:div_clock" File: D:/MALKI/Documentos/Quartus/VHDL/exemplos RZ-EasyFPGA/buzzer/sirene_estrutural.vhd Line: 19
Info (12128): Elaborating entity "controlador" for hierarchy "controlador:control" File: D:/MALKI/Documentos/Quartus/VHDL/exemplos RZ-EasyFPGA/buzzer/sirene_estrutural.vhd Line: 25
Info (286030): Timing-Driven Synthesis is running
Info (16010): Generating hard_block partition "hard_block:auto_generated_inst"
    Info (16011): Adding 0 node(s), including 0 DDIO, 0 PLL, 0 transceiver and 0 LCELL
Info (21057): Implemented 136 device resources after synthesis - the final resource count might be different
    Info (21058): Implemented 1 input pins
    Info (21059): Implemented 1 output pins
    Info (21061): Implemented 134 logic cells
Info: Quartus Prime Analysis & Synthesis was successful. 0 errors, 2 warnings
    Info: Peak virtual memory: 4773 megabytes
    Info: Processing ended: Tue Feb 08 16:31:33 2022
    Info: Elapsed time: 00:00:11
    Info: Total CPU time (on all processors): 00:00:24


