------------------------------------------------------------
Timing Analyzer Summary
------------------------------------------------------------

Type  : Slow 1200mV 85C Model Setup 'Clock'
Slack : -4.314
TNS   : -46.983

Type  : Slow 1200mV 85C Model Setup 'inst'
Slack : -0.325
TNS   : -0.676

Type  : Slow 1200mV 85C Model Hold 'inst'
Slack : 0.453
TNS   : 0.000

Type  : Slow 1200mV 85C Model Hold 'Clock'
Slack : 0.735
TNS   : 0.000

Type  : Slow 1200mV 85C Model Minimum Pulse Width 'Clock'
Slack : -3.000
TNS   : -41.662

Type  : Slow 1200mV 85C Model Minimum Pulse Width 'inst'
Slack : -1.487
TNS   : -5.948

Type  : Slow 1200mV 0C Model Setup 'Clock'
Slack : -3.851
TNS   : -39.284

Type  : Slow 1200mV 0C Model Setup 'inst'
Slack : -0.192
TNS   : -0.384

Type  : Slow 1200mV 0C Model Hold 'inst'
Slack : 0.403
TNS   : 0.000

Type  : Slow 1200mV 0C Model Hold 'Clock'
Slack : 0.684
TNS   : 0.000

Type  : Slow 1200mV 0C Model Minimum Pulse Width 'Clock'
Slack : -3.000
TNS   : -41.662

Type  : Slow 1200mV 0C Model Minimum Pulse Width 'inst'
Slack : -1.487
TNS   : -5.948

Type  : Fast 1200mV 0C Model Setup 'Clock'
Slack : -1.318
TNS   : -7.014

Type  : Fast 1200mV 0C Model Setup 'inst'
Slack : 0.421
TNS   : 0.000

Type  : Fast 1200mV 0C Model Hold 'inst'
Slack : 0.187
TNS   : 0.000

Type  : Fast 1200mV 0C Model Hold 'Clock'
Slack : 0.292
TNS   : 0.000

Type  : Fast 1200mV 0C Model Minimum Pulse Width 'Clock'
Slack : -3.000
TNS   : -30.690

Type  : Fast 1200mV 0C Model Minimum Pulse Width 'inst'
Slack : -1.000
TNS   : -4.000

------------------------------------------------------------
