------------------------------------------------------------
Timing Analyzer Summary
------------------------------------------------------------

Type  : Slow 1200mV 85C Model Setup 'Clock'
Slack : -4.633
TNS   : -92.691

Type  : Slow 1200mV 85C Model Setup 'Contador_3DIG:inst17|inst13'
Slack : -1.749
TNS   : -2.846

Type  : Slow 1200mV 85C Model Setup 'inst'
Slack : -1.316
TNS   : -3.497

Type  : Slow 1200mV 85C Model Setup 'Contador_3DIG:inst17|inst1'
Slack : -1.124
TNS   : -2.435

Type  : Slow 1200mV 85C Model Setup 'inst6'
Slack : -0.662
TNS   : -0.662

Type  : Slow 1200mV 85C Model Setup 'Contador_3DIG:inst17|inst23'
Slack : -0.343
TNS   : -0.878

Type  : Slow 1200mV 85C Model Setup 'Seletor_display:inst1|inst'
Slack : 0.114
TNS   : 0.000

Type  : Slow 1200mV 85C Model Hold 'Contador_3DIG:inst17|inst23'
Slack : 0.455
TNS   : 0.000

Type  : Slow 1200mV 85C Model Hold 'Contador_3DIG:inst17|inst1'
Slack : 0.484
TNS   : 0.000

Type  : Slow 1200mV 85C Model Hold 'Contador_3DIG:inst17|inst13'
Slack : 0.485
TNS   : 0.000

Type  : Slow 1200mV 85C Model Hold 'inst'
Slack : 0.485
TNS   : 0.000

Type  : Slow 1200mV 85C Model Hold 'Seletor_display:inst1|inst'
Slack : 0.497
TNS   : 0.000

Type  : Slow 1200mV 85C Model Hold 'inst6'
Slack : 0.581
TNS   : 0.000

Type  : Slow 1200mV 85C Model Hold 'Clock'
Slack : 0.735
TNS   : 0.000

Type  : Slow 1200mV 85C Model Recovery 'Contador_3DIG:inst17|inst13'
Slack : -2.820
TNS   : -11.275

Type  : Slow 1200mV 85C Model Recovery 'Contador_3DIG:inst17|inst1'
Slack : -2.711
TNS   : -10.839

Type  : Slow 1200mV 85C Model Recovery 'inst'
Slack : -1.652
TNS   : -6.602

Type  : Slow 1200mV 85C Model Recovery 'Contador_3DIG:inst17|inst23'
Slack : -1.601
TNS   : -6.404

Type  : Slow 1200mV 85C Model Removal 'Contador_3DIG:inst17|inst13'
Slack : -0.121
TNS   : -0.484

Type  : Slow 1200mV 85C Model Removal 'inst'
Slack : 0.580
TNS   : 0.000

Type  : Slow 1200mV 85C Model Removal 'Contador_3DIG:inst17|inst1'
Slack : 0.625
TNS   : 0.000

Type  : Slow 1200mV 85C Model Removal 'Contador_3DIG:inst17|inst23'
Slack : 1.570
TNS   : 0.000

Type  : Slow 1200mV 85C Model Minimum Pulse Width 'Clock'
Slack : -3.000
TNS   : -53.558

Type  : Slow 1200mV 85C Model Minimum Pulse Width 'Contador_3DIG:inst17|inst1'
Slack : -1.487
TNS   : -5.948

Type  : Slow 1200mV 85C Model Minimum Pulse Width 'Contador_3DIG:inst17|inst13'
Slack : -1.487
TNS   : -5.948

Type  : Slow 1200mV 85C Model Minimum Pulse Width 'Contador_3DIG:inst17|inst23'
Slack : -1.487
TNS   : -5.948

Type  : Slow 1200mV 85C Model Minimum Pulse Width 'inst'
Slack : -1.487
TNS   : -5.948

Type  : Slow 1200mV 85C Model Minimum Pulse Width 'Seletor_display:inst1|inst'
Slack : -1.487
TNS   : -1.487

Type  : Slow 1200mV 85C Model Minimum Pulse Width 'inst6'
Slack : -1.487
TNS   : -1.487

Type  : Slow 1200mV 0C Model Setup 'Clock'
Slack : -4.223
TNS   : -81.449

Type  : Slow 1200mV 0C Model Setup 'Contador_3DIG:inst17|inst13'
Slack : -1.581
TNS   : -2.434

Type  : Slow 1200mV 0C Model Setup 'inst'
Slack : -1.163
TNS   : -2.891

Type  : Slow 1200mV 0C Model Setup 'Contador_3DIG:inst17|inst1'
Slack : -0.995
TNS   : -2.300

Type  : Slow 1200mV 0C Model Setup 'inst6'
Slack : -0.570
TNS   : -0.570

Type  : Slow 1200mV 0C Model Setup 'Contador_3DIG:inst17|inst23'
Slack : -0.208
TNS   : -0.521

Type  : Slow 1200mV 0C Model Setup 'Seletor_display:inst1|inst'
Slack : 0.208
TNS   : 0.000

Type  : Slow 1200mV 0C Model Hold 'Contador_3DIG:inst17|inst1'
Slack : 0.352
TNS   : 0.000

Type  : Slow 1200mV 0C Model Hold 'Contador_3DIG:inst17|inst23'
Slack : 0.405
TNS   : 0.000

Type  : Slow 1200mV 0C Model Hold 'Contador_3DIG:inst17|inst13'
Slack : 0.430
TNS   : 0.000

Type  : Slow 1200mV 0C Model Hold 'inst'
Slack : 0.430
TNS   : 0.000

Type  : Slow 1200mV 0C Model Hold 'Seletor_display:inst1|inst'
Slack : 0.445
TNS   : 0.000

Type  : Slow 1200mV 0C Model Hold 'inst6'
Slack : 0.535
TNS   : 0.000

Type  : Slow 1200mV 0C Model Hold 'Clock'
Slack : 0.684
TNS   : 0.000

Type  : Slow 1200mV 0C Model Recovery 'Contador_3DIG:inst17|inst13'
Slack : -2.501
TNS   : -9.999

Type  : Slow 1200mV 0C Model Recovery 'Contador_3DIG:inst17|inst1'
Slack : -2.469
TNS   : -9.870

Type  : Slow 1200mV 0C Model Recovery 'inst'
Slack : -1.430
TNS   : -5.714

Type  : Slow 1200mV 0C Model Recovery 'Contador_3DIG:inst17|inst23'
Slack : -1.396
TNS   : -5.584

Type  : Slow 1200mV 0C Model Removal 'Contador_3DIG:inst17|inst13'
Slack : -0.226
TNS   : -0.904

Type  : Slow 1200mV 0C Model Removal 'Contador_3DIG:inst17|inst1'
Slack : 0.475
TNS   : 0.000

Type  : Slow 1200mV 0C Model Removal 'inst'
Slack : 0.507
TNS   : 0.000

Type  : Slow 1200mV 0C Model Removal 'Contador_3DIG:inst17|inst23'
Slack : 1.437
TNS   : 0.000

Type  : Slow 1200mV 0C Model Minimum Pulse Width 'Clock'
Slack : -3.000
TNS   : -53.558

Type  : Slow 1200mV 0C Model Minimum Pulse Width 'Contador_3DIG:inst17|inst1'
Slack : -1.487
TNS   : -5.948

Type  : Slow 1200mV 0C Model Minimum Pulse Width 'Contador_3DIG:inst17|inst13'
Slack : -1.487
TNS   : -5.948

Type  : Slow 1200mV 0C Model Minimum Pulse Width 'Contador_3DIG:inst17|inst23'
Slack : -1.487
TNS   : -5.948

Type  : Slow 1200mV 0C Model Minimum Pulse Width 'inst'
Slack : -1.487
TNS   : -5.948

Type  : Slow 1200mV 0C Model Minimum Pulse Width 'Seletor_display:inst1|inst'
Slack : -1.487
TNS   : -1.487

Type  : Slow 1200mV 0C Model Minimum Pulse Width 'inst6'
Slack : -1.487
TNS   : -1.487

Type  : Fast 1200mV 0C Model Setup 'Clock'
Slack : -1.442
TNS   : -21.331

Type  : Fast 1200mV 0C Model Setup 'Contador_3DIG:inst17|inst13'
Slack : -0.148
TNS   : -0.148

Type  : Fast 1200mV 0C Model Setup 'inst'
Slack : -0.139
TNS   : -0.349

Type  : Fast 1200mV 0C Model Setup 'inst6'
Slack : 0.015
TNS   : 0.000

Type  : Fast 1200mV 0C Model Setup 'Contador_3DIG:inst17|inst1'
Slack : 0.035
TNS   : 0.000

Type  : Fast 1200mV 0C Model Setup 'Contador_3DIG:inst17|inst23'
Slack : 0.410
TNS   : 0.000

Type  : Fast 1200mV 0C Model Setup 'Seletor_display:inst1|inst'
Slack : 0.626
TNS   : 0.000

Type  : Fast 1200mV 0C Model Hold 'Contador_3DIG:inst17|inst23'
Slack : 0.185
TNS   : 0.000

Type  : Fast 1200mV 0C Model Hold 'Contador_3DIG:inst17|inst1'
Slack : 0.201
TNS   : 0.000

Type  : Fast 1200mV 0C Model Hold 'Contador_3DIG:inst17|inst13'
Slack : 0.201
TNS   : 0.000

Type  : Fast 1200mV 0C Model Hold 'inst'
Slack : 0.201
TNS   : 0.000

Type  : Fast 1200mV 0C Model Hold 'Seletor_display:inst1|inst'
Slack : 0.208
TNS   : 0.000

Type  : Fast 1200mV 0C Model Hold 'inst6'
Slack : 0.235
TNS   : 0.000

Type  : Fast 1200mV 0C Model Hold 'Clock'
Slack : 0.270
TNS   : 0.000

Type  : Fast 1200mV 0C Model Recovery 'Contador_3DIG:inst17|inst13'
Slack : -0.741
TNS   : -2.961

Type  : Fast 1200mV 0C Model Recovery 'Contador_3DIG:inst17|inst1'
Slack : -0.617
TNS   : -2.468

Type  : Fast 1200mV 0C Model Recovery 'inst'
Slack : -0.163
TNS   : -0.650

Type  : Fast 1200mV 0C Model Recovery 'Contador_3DIG:inst17|inst23'
Slack : -0.146
TNS   : -0.584

Type  : Fast 1200mV 0C Model Removal 'Contador_3DIG:inst17|inst13'
Slack : 0.054
TNS   : 0.000

Type  : Fast 1200mV 0C Model Removal 'inst'
Slack : 0.296
TNS   : 0.000

Type  : Fast 1200mV 0C Model Removal 'Contador_3DIG:inst17|inst1'
Slack : 0.387
TNS   : 0.000

Type  : Fast 1200mV 0C Model Removal 'Contador_3DIG:inst17|inst23'
Slack : 0.681
TNS   : 0.000

Type  : Fast 1200mV 0C Model Minimum Pulse Width 'Clock'
Slack : -3.000
TNS   : -39.194

Type  : Fast 1200mV 0C Model Minimum Pulse Width 'Contador_3DIG:inst17|inst1'
Slack : -1.000
TNS   : -4.000

Type  : Fast 1200mV 0C Model Minimum Pulse Width 'Contador_3DIG:inst17|inst13'
Slack : -1.000
TNS   : -4.000

Type  : Fast 1200mV 0C Model Minimum Pulse Width 'Contador_3DIG:inst17|inst23'
Slack : -1.000
TNS   : -4.000

Type  : Fast 1200mV 0C Model Minimum Pulse Width 'inst'
Slack : -1.000
TNS   : -4.000

Type  : Fast 1200mV 0C Model Minimum Pulse Width 'Seletor_display:inst1|inst'
Slack : -1.000
TNS   : -1.000

Type  : Fast 1200mV 0C Model Minimum Pulse Width 'inst6'
Slack : -1.000
TNS   : -1.000

------------------------------------------------------------
